
C:\Users\Ahmed\AppData\Local\arduino\sketches\70600C4FA658506BA7147831F2D08B4B/Slave.ino.elf:     file format elf32-avr


Disassembly of section .text:

00000000 <__vectors>:
__vectors():
   0:	0c 94 65 00 	jmp	0xca	; 0xca <__ctors_end>
   4:	0c 94 8d 00 	jmp	0x11a	; 0x11a <__bad_interrupt>
   8:	0c 94 8d 00 	jmp	0x11a	; 0x11a <__bad_interrupt>
   c:	0c 94 8d 00 	jmp	0x11a	; 0x11a <__bad_interrupt>
  10:	0c 94 8d 00 	jmp	0x11a	; 0x11a <__bad_interrupt>
  14:	0c 94 8d 00 	jmp	0x11a	; 0x11a <__bad_interrupt>
  18:	0c 94 8d 00 	jmp	0x11a	; 0x11a <__bad_interrupt>
  1c:	0c 94 8d 00 	jmp	0x11a	; 0x11a <__bad_interrupt>
  20:	0c 94 8d 00 	jmp	0x11a	; 0x11a <__bad_interrupt>
  24:	0c 94 8d 00 	jmp	0x11a	; 0x11a <__bad_interrupt>
  28:	0c 94 8d 00 	jmp	0x11a	; 0x11a <__bad_interrupt>
  2c:	0c 94 37 02 	jmp	0x46e	; 0x46e <__vector_11>
  30:	0c 94 8d 00 	jmp	0x11a	; 0x11a <__bad_interrupt>
  34:	0c 94 a7 02 	jmp	0x54e	; 0x54e <__vector_13>
  38:	0c 94 81 02 	jmp	0x502	; 0x502 <__vector_14>
  3c:	0c 94 8d 00 	jmp	0x11a	; 0x11a <__bad_interrupt>
  40:	0c 94 8d 00 	jmp	0x11a	; 0x11a <__bad_interrupt>
  44:	0c 94 8d 00 	jmp	0x11a	; 0x11a <__bad_interrupt>
  48:	0c 94 8d 00 	jmp	0x11a	; 0x11a <__bad_interrupt>
  4c:	0c 94 8d 00 	jmp	0x11a	; 0x11a <__bad_interrupt>
  50:	0c 94 8d 00 	jmp	0x11a	; 0x11a <__bad_interrupt>

00000054 <__trampolines_end>:
__trampolines_start():
  54:	00 00       	nop
  56:	00 02       	muls	r16, r16
	...
  60:	05 04       	cpc	r0, r5
  62:	00 07       	cpc	r16, r16
	...

00000074 <port_to_output_PGM>:
  74:	00 00 3b 00 38 00 35 00 32 00                       ..;.8.5.2.

0000007e <port_to_mode_PGM>:
  7e:	00 00 3a 00 37 00 34 00 31 00                       ..:.7.4.1.

00000088 <digital_pin_to_port_PGM>:
  88:	02 02 02 02 02 02 02 02 04 04 04 04 04 04 04 04     ................
  98:	03 03 03 03 03 03 03 03 01 01 01 01 01 01 01 01     ................

000000a8 <digital_pin_to_bit_mask_PGM>:
  a8:	01 02 04 08 10 20 40 80 01 02 04 08 10 20 40 80     ..... @...... @.
  b8:	01 02 04 08 10 20 40 80 01 02 04 08 10 20 40 80     ..... @...... @.

000000c8 <__ctors_start>:
__ctors_start():
  c8:	bf 03       	fmulsu	r19, r23

000000ca <__ctors_end>:
__dtors_end():
  ca:	11 24       	eor	r1, r1
  cc:	1f be       	out	0x3f, r1	; 63
  ce:	cf e5       	ldi	r28, 0x5F	; 95
  d0:	d8 e0       	ldi	r29, 0x08	; 8
  d2:	de bf       	out	0x3e, r29	; 62
  d4:	cd bf       	out	0x3d, r28	; 61

000000d6 <__do_clear_bss>:
__do_clear_bss():
/home/jenkins-mingw32/workspace/avr-gcc-staging/label/Ubuntu14.04x64-mingw32/gcc-build/avr/avr5/libgcc/../../../../gcc/libgcc/config/avr/lib1funcs.S:2441
  d6:	21 e0       	ldi	r18, 0x01	; 1
/home/jenkins-mingw32/workspace/avr-gcc-staging/label/Ubuntu14.04x64-mingw32/gcc-build/avr/avr5/libgcc/../../../../gcc/libgcc/config/avr/lib1funcs.S:2442
  d8:	a2 e7       	ldi	r26, 0x72	; 114
/home/jenkins-mingw32/workspace/avr-gcc-staging/label/Ubuntu14.04x64-mingw32/gcc-build/avr/avr5/libgcc/../../../../gcc/libgcc/config/avr/lib1funcs.S:2443
  da:	b0 e0       	ldi	r27, 0x00	; 0
/home/jenkins-mingw32/workspace/avr-gcc-staging/label/Ubuntu14.04x64-mingw32/gcc-build/avr/avr5/libgcc/../../../../gcc/libgcc/config/avr/lib1funcs.S:2444
  dc:	01 c0       	rjmp	.+2      	; 0xe0 <.do_clear_bss_start>

000000de <.do_clear_bss_loop>:
/home/jenkins-mingw32/workspace/avr-gcc-staging/label/Ubuntu14.04x64-mingw32/gcc-build/avr/avr5/libgcc/../../../../gcc/libgcc/config/avr/lib1funcs.S:2446
  de:	1d 92       	st	X+, r1

000000e0 <.do_clear_bss_start>:
/home/jenkins-mingw32/workspace/avr-gcc-staging/label/Ubuntu14.04x64-mingw32/gcc-build/avr/avr5/libgcc/../../../../gcc/libgcc/config/avr/lib1funcs.S:2448
  e0:	a8 31       	cpi	r26, 0x18	; 24
/home/jenkins-mingw32/workspace/avr-gcc-staging/label/Ubuntu14.04x64-mingw32/gcc-build/avr/avr5/libgcc/../../../../gcc/libgcc/config/avr/lib1funcs.S:2449
  e2:	b2 07       	cpc	r27, r18
/home/jenkins-mingw32/workspace/avr-gcc-staging/label/Ubuntu14.04x64-mingw32/gcc-build/avr/avr5/libgcc/../../../../gcc/libgcc/config/avr/lib1funcs.S:2450
  e4:	e1 f7       	brne	.-8      	; 0xde <.do_clear_bss_loop>

000000e6 <__do_copy_data>:
__do_copy_data():
/home/jenkins-mingw32/workspace/avr-gcc-staging/label/Ubuntu14.04x64-mingw32/gcc-build/avr/avr5/libgcc/../../../../gcc/libgcc/config/avr/lib1funcs.S:2409
  e6:	10 e0       	ldi	r17, 0x00	; 0
/home/jenkins-mingw32/workspace/avr-gcc-staging/label/Ubuntu14.04x64-mingw32/gcc-build/avr/avr5/libgcc/../../../../gcc/libgcc/config/avr/lib1funcs.S:2410
  e8:	a0 e6       	ldi	r26, 0x60	; 96
/home/jenkins-mingw32/workspace/avr-gcc-staging/label/Ubuntu14.04x64-mingw32/gcc-build/avr/avr5/libgcc/../../../../gcc/libgcc/config/avr/lib1funcs.S:2411
  ea:	b0 e0       	ldi	r27, 0x00	; 0
/home/jenkins-mingw32/workspace/avr-gcc-staging/label/Ubuntu14.04x64-mingw32/gcc-build/avr/avr5/libgcc/../../../../gcc/libgcc/config/avr/lib1funcs.S:2412
  ec:	e8 e1       	ldi	r30, 0x18	; 24
/home/jenkins-mingw32/workspace/avr-gcc-staging/label/Ubuntu14.04x64-mingw32/gcc-build/avr/avr5/libgcc/../../../../gcc/libgcc/config/avr/lib1funcs.S:2413
  ee:	f8 e0       	ldi	r31, 0x08	; 8
/home/jenkins-mingw32/workspace/avr-gcc-staging/label/Ubuntu14.04x64-mingw32/gcc-build/avr/avr5/libgcc/../../../../gcc/libgcc/config/avr/lib1funcs.S:2414
  f0:	02 c0       	rjmp	.+4      	; 0xf6 <__do_copy_data+0x10>
/home/jenkins-mingw32/workspace/avr-gcc-staging/label/Ubuntu14.04x64-mingw32/gcc-build/avr/avr5/libgcc/../../../../gcc/libgcc/config/avr/lib1funcs.S:2417
  f2:	05 90       	lpm	r0, Z+
/home/jenkins-mingw32/workspace/avr-gcc-staging/label/Ubuntu14.04x64-mingw32/gcc-build/avr/avr5/libgcc/../../../../gcc/libgcc/config/avr/lib1funcs.S:2422
  f4:	0d 92       	st	X+, r0
/home/jenkins-mingw32/workspace/avr-gcc-staging/label/Ubuntu14.04x64-mingw32/gcc-build/avr/avr5/libgcc/../../../../gcc/libgcc/config/avr/lib1funcs.S:2424
  f6:	a2 37       	cpi	r26, 0x72	; 114
/home/jenkins-mingw32/workspace/avr-gcc-staging/label/Ubuntu14.04x64-mingw32/gcc-build/avr/avr5/libgcc/../../../../gcc/libgcc/config/avr/lib1funcs.S:2425
  f8:	b1 07       	cpc	r27, r17
/home/jenkins-mingw32/workspace/avr-gcc-staging/label/Ubuntu14.04x64-mingw32/gcc-build/avr/avr5/libgcc/../../../../gcc/libgcc/config/avr/lib1funcs.S:2426
  fa:	d9 f7       	brne	.-10     	; 0xf2 <__do_copy_data+0xc>

000000fc <__do_global_ctors>:
__do_global_ctors():
/home/jenkins-mingw32/workspace/avr-gcc-staging/label/Ubuntu14.04x64-mingw32/gcc-build/avr/avr5/libgcc/../../../../gcc/libgcc/config/avr/lib1funcs.S:2466
  fc:	10 e0       	ldi	r17, 0x00	; 0
/home/jenkins-mingw32/workspace/avr-gcc-staging/label/Ubuntu14.04x64-mingw32/gcc-build/avr/avr5/libgcc/../../../../gcc/libgcc/config/avr/lib1funcs.S:2467
  fe:	c5 e6       	ldi	r28, 0x65	; 101
/home/jenkins-mingw32/workspace/avr-gcc-staging/label/Ubuntu14.04x64-mingw32/gcc-build/avr/avr5/libgcc/../../../../gcc/libgcc/config/avr/lib1funcs.S:2468
 100:	d0 e0       	ldi	r29, 0x00	; 0
/home/jenkins-mingw32/workspace/avr-gcc-staging/label/Ubuntu14.04x64-mingw32/gcc-build/avr/avr5/libgcc/../../../../gcc/libgcc/config/avr/lib1funcs.S:2472
 102:	04 c0       	rjmp	.+8      	; 0x10c <__do_global_ctors+0x10>
/home/jenkins-mingw32/workspace/avr-gcc-staging/label/Ubuntu14.04x64-mingw32/gcc-build/avr/avr5/libgcc/../../../../gcc/libgcc/config/avr/lib1funcs.S:2474
 104:	21 97       	sbiw	r28, 0x01	; 1
/home/jenkins-mingw32/workspace/avr-gcc-staging/label/Ubuntu14.04x64-mingw32/gcc-build/avr/avr5/libgcc/../../../../gcc/libgcc/config/avr/lib1funcs.S:2480
 106:	fe 01       	movw	r30, r28
/home/jenkins-mingw32/workspace/avr-gcc-staging/label/Ubuntu14.04x64-mingw32/gcc-build/avr/avr5/libgcc/../../../../gcc/libgcc/config/avr/lib1funcs.S:2481
 108:	0e 94 04 04 	call	0x808	; 0x808 <__tablejump2__>
/home/jenkins-mingw32/workspace/avr-gcc-staging/label/Ubuntu14.04x64-mingw32/gcc-build/avr/avr5/libgcc/../../../../gcc/libgcc/config/avr/lib1funcs.S:2483
 10c:	c4 36       	cpi	r28, 0x64	; 100
/home/jenkins-mingw32/workspace/avr-gcc-staging/label/Ubuntu14.04x64-mingw32/gcc-build/avr/avr5/libgcc/../../../../gcc/libgcc/config/avr/lib1funcs.S:2484
 10e:	d1 07       	cpc	r29, r17
/home/jenkins-mingw32/workspace/avr-gcc-staging/label/Ubuntu14.04x64-mingw32/gcc-build/avr/avr5/libgcc/../../../../gcc/libgcc/config/avr/lib1funcs.S:2489
 110:	c9 f7       	brne	.-14     	; 0x104 <__do_global_ctors+0x8>
 112:	0e 94 d9 02 	call	0x5b2	; 0x5b2 <main>
 116:	0c 94 0a 04 	jmp	0x814	; 0x814 <_exit>

0000011a <__bad_interrupt>:
__vector_1():
 11a:	0c 94 00 00 	jmp	0	; 0x0 <__vectors>

0000011e <pinMode.constprop.6>:
pinMode.constprop.6():
C:\Users\Ahmed\Documents\Arduino\hardware\MightyCore\avr\cores\MCUdude_corefiles/wiring_digital.c:31
#include "wiring_private.h"
#include "pins_arduino.h"

void pinMode(uint8_t pin, uint8_t mode)
{
  uint8_t bit = digitalPinToBitMask(pin);
 11e:	90 e0       	ldi	r25, 0x00	; 0
 120:	fc 01       	movw	r30, r24
 122:	e8 55       	subi	r30, 0x58	; 88
 124:	ff 4f       	sbci	r31, 0xFF	; 255
 126:	24 91       	lpm	r18, Z
C:\Users\Ahmed\Documents\Arduino\hardware\MightyCore\avr\cores\MCUdude_corefiles/wiring_digital.c:32
  uint8_t port = digitalPinToPort(pin);
 128:	88 57       	subi	r24, 0x78	; 120
 12a:	9f 4f       	sbci	r25, 0xFF	; 255
 12c:	fc 01       	movw	r30, r24
 12e:	84 91       	lpm	r24, Z
C:\Users\Ahmed\Documents\Arduino\hardware\MightyCore\avr\cores\MCUdude_corefiles/wiring_digital.c:35
  volatile uint8_t *reg, *out;

  if (port == NOT_A_PIN) return;
 130:	88 23       	and	r24, r24
 132:	99 f0       	breq	.+38     	; 0x15a <pinMode.constprop.6+0x3c>
C:\Users\Ahmed\Documents\Arduino\hardware\MightyCore\avr\cores\MCUdude_corefiles/wiring_digital.c:38

  // JWS: can I let the optimizer do this?
  reg = portModeRegister(port);
 134:	90 e0       	ldi	r25, 0x00	; 0
 136:	88 0f       	add	r24, r24
 138:	99 1f       	adc	r25, r25
 13a:	fc 01       	movw	r30, r24
 13c:	e2 58       	subi	r30, 0x82	; 130
 13e:	ff 4f       	sbci	r31, 0xFF	; 255
 140:	a5 91       	lpm	r26, Z+
 142:	b4 91       	lpm	r27, Z
C:\Users\Ahmed\Documents\Arduino\hardware\MightyCore\avr\cores\MCUdude_corefiles/wiring_digital.c:39
  out = portOutputRegister(port);
 144:	fc 01       	movw	r30, r24
 146:	ec 58       	subi	r30, 0x8C	; 140
 148:	ff 4f       	sbci	r31, 0xFF	; 255
 14a:	85 91       	lpm	r24, Z+
 14c:	94 91       	lpm	r25, Z
C:\Users\Ahmed\Documents\Arduino\hardware\MightyCore\avr\cores\MCUdude_corefiles/wiring_digital.c:54
    cli();
    *reg &= ~bit;
    *out |= bit;
    SREG = oldSREG;
  } else {
    uint8_t oldSREG = SREG;
 14e:	8f b7       	in	r24, 0x3f	; 63
C:\Users\Ahmed\Documents\Arduino\hardware\MightyCore\avr\cores\MCUdude_corefiles/wiring_digital.c:55
    cli();
 150:	f8 94       	cli
C:\Users\Ahmed\Documents\Arduino\hardware\MightyCore\avr\cores\MCUdude_corefiles/wiring_digital.c:56
    *reg |= bit;
 152:	ec 91       	ld	r30, X
 154:	e2 2b       	or	r30, r18
 156:	ec 93       	st	X, r30
C:\Users\Ahmed\Documents\Arduino\hardware\MightyCore\avr\cores\MCUdude_corefiles/wiring_digital.c:57
    SREG = oldSREG;
 158:	8f bf       	out	0x3f, r24	; 63
C:\Users\Ahmed\Documents\Arduino\hardware\MightyCore\avr\cores\MCUdude_corefiles/wiring_digital.c:59
  }
}
 15a:	08 95       	ret

0000015c <digitalWrite>:
digitalWrite():
C:\Users\Ahmed\Documents\Arduino\hardware\MightyCore\avr\cores\MCUdude_corefiles/wiring_digital.c:189
  }
}

void digitalWrite(uint8_t pin, uint8_t val)
{
  uint8_t timer = digitalPinToTimer(pin);
 15c:	90 e0       	ldi	r25, 0x00	; 0
 15e:	fc 01       	movw	r30, r24
 160:	ec 5a       	subi	r30, 0xAC	; 172
 162:	ff 4f       	sbci	r31, 0xFF	; 255
 164:	24 91       	lpm	r18, Z
C:\Users\Ahmed\Documents\Arduino\hardware\MightyCore\avr\cores\MCUdude_corefiles/wiring_digital.c:190
  uint8_t bit = digitalPinToBitMask(pin);
 166:	fc 01       	movw	r30, r24
 168:	e8 55       	subi	r30, 0x58	; 88
 16a:	ff 4f       	sbci	r31, 0xFF	; 255
 16c:	34 91       	lpm	r19, Z
C:\Users\Ahmed\Documents\Arduino\hardware\MightyCore\avr\cores\MCUdude_corefiles/wiring_digital.c:191
  uint8_t port = digitalPinToPort(pin);
 16e:	fc 01       	movw	r30, r24
 170:	e8 57       	subi	r30, 0x78	; 120
 172:	ff 4f       	sbci	r31, 0xFF	; 255
 174:	e4 91       	lpm	r30, Z
C:\Users\Ahmed\Documents\Arduino\hardware\MightyCore\avr\cores\MCUdude_corefiles/wiring_digital.c:194
  volatile uint8_t *out;

  if (port == NOT_A_PIN) return;
 176:	ee 23       	and	r30, r30
 178:	c9 f0       	breq	.+50     	; 0x1ac <digitalWrite+0x50>
C:\Users\Ahmed\Documents\Arduino\hardware\MightyCore\avr\cores\MCUdude_corefiles/wiring_digital.c:198

  // If the pin that support PWM output, we need to turn it off
  // before doing a digital write.
  if (timer != NOT_ON_TIMER) turnOffPWM(timer);
 17a:	22 23       	and	r18, r18
 17c:	39 f0       	breq	.+14     	; 0x18c <digitalWrite+0x30>
turnOffPWM():
C:\Users\Ahmed\Documents\Arduino\hardware\MightyCore\avr\cores\MCUdude_corefiles/wiring_digital.c:77
//
//static inline void turnOffPWM(uint8_t timer) __attribute__ ((always_inline));
//static inline void turnOffPWM(uint8_t timer)
static void turnOffPWM(uint8_t timer)
{
  switch (timer)
 17e:	24 30       	cpi	r18, 0x04	; 4
 180:	f1 f0       	breq	.+60     	; 0x1be <digitalWrite+0x62>
 182:	a8 f4       	brcc	.+42     	; 0x1ae <digitalWrite+0x52>
 184:	21 30       	cpi	r18, 0x01	; 1
 186:	11 f1       	breq	.+68     	; 0x1cc <digitalWrite+0x70>
 188:	22 30       	cpi	r18, 0x02	; 2
 18a:	01 f1       	breq	.+64     	; 0x1cc <digitalWrite+0x70>
digitalWrite():
C:\Users\Ahmed\Documents\Arduino\hardware\MightyCore\avr\cores\MCUdude_corefiles/wiring_digital.c:200

  // If the pin that support PWM output, we need to turn it off
  // before doing a digital write.
  if (timer != NOT_ON_TIMER) turnOffPWM(timer);

  out = portOutputRegister(port);
 18c:	f0 e0       	ldi	r31, 0x00	; 0
 18e:	ee 0f       	add	r30, r30
 190:	ff 1f       	adc	r31, r31
 192:	ec 58       	subi	r30, 0x8C	; 140
 194:	ff 4f       	sbci	r31, 0xFF	; 255
 196:	a5 91       	lpm	r26, Z+
 198:	b4 91       	lpm	r27, Z
C:\Users\Ahmed\Documents\Arduino\hardware\MightyCore\avr\cores\MCUdude_corefiles/wiring_digital.c:202

  uint8_t oldSREG = SREG;
 19a:	8f b7       	in	r24, 0x3f	; 63
C:\Users\Ahmed\Documents\Arduino\hardware\MightyCore\avr\cores\MCUdude_corefiles/wiring_digital.c:203
  cli();
 19c:	f8 94       	cli
C:\Users\Ahmed\Documents\Arduino\hardware\MightyCore\avr\cores\MCUdude_corefiles/wiring_digital.c:206

  if (val == LOW) {
    *out &= ~bit;
 19e:	ec 91       	ld	r30, X
C:\Users\Ahmed\Documents\Arduino\hardware\MightyCore\avr\cores\MCUdude_corefiles/wiring_digital.c:205
  out = portOutputRegister(port);

  uint8_t oldSREG = SREG;
  cli();

  if (val == LOW) {
 1a0:	61 11       	cpse	r22, r1
 1a2:	18 c0       	rjmp	.+48     	; 0x1d4 <digitalWrite+0x78>
C:\Users\Ahmed\Documents\Arduino\hardware\MightyCore\avr\cores\MCUdude_corefiles/wiring_digital.c:206
    *out &= ~bit;
 1a4:	30 95       	com	r19
 1a6:	3e 23       	and	r19, r30
C:\Users\Ahmed\Documents\Arduino\hardware\MightyCore\avr\cores\MCUdude_corefiles/wiring_digital.c:208
  } else {
    *out |= bit;
 1a8:	3c 93       	st	X, r19
C:\Users\Ahmed\Documents\Arduino\hardware\MightyCore\avr\cores\MCUdude_corefiles/wiring_digital.c:211
  }

  SREG = oldSREG;
 1aa:	8f bf       	out	0x3f, r24	; 63
C:\Users\Ahmed\Documents\Arduino\hardware\MightyCore\avr\cores\MCUdude_corefiles/wiring_digital.c:212
}
 1ac:	08 95       	ret
turnOffPWM():
C:\Users\Ahmed\Documents\Arduino\hardware\MightyCore\avr\cores\MCUdude_corefiles/wiring_digital.c:77
//
//static inline void turnOffPWM(uint8_t timer) __attribute__ ((always_inline));
//static inline void turnOffPWM(uint8_t timer)
static void turnOffPWM(uint8_t timer)
{
  switch (timer)
 1ae:	25 30       	cpi	r18, 0x05	; 5
 1b0:	51 f0       	breq	.+20     	; 0x1c6 <digitalWrite+0x6a>
 1b2:	27 30       	cpi	r18, 0x07	; 7
 1b4:	59 f7       	brne	.-42     	; 0x18c <digitalWrite+0x30>
C:\Users\Ahmed\Documents\Arduino\hardware\MightyCore\avr\cores\MCUdude_corefiles/wiring_digital.c:99
    #endif
    
    // Timer2
    #if defined(TCCR2) && defined(COM21)
      case TIMER2:
        TCCR2 &= ~_BV(COM21);
 1b6:	85 b5       	in	r24, 0x25	; 37
 1b8:	8f 7d       	andi	r24, 0xDF	; 223
 1ba:	85 bd       	out	0x25, r24	; 37
 1bc:	e7 cf       	rjmp	.-50     	; 0x18c <digitalWrite+0x30>
C:\Users\Ahmed\Documents\Arduino\hardware\MightyCore\avr\cores\MCUdude_corefiles/wiring_digital.c:82
  switch (timer)
  {
    // Timer1
    #if defined(TCCR1A) && defined(COM1A1)
      case TIMER1A:
        TCCR1A &= ~_BV(COM1A1);
 1be:	8f b5       	in	r24, 0x2f	; 47
 1c0:	8f 77       	andi	r24, 0x7F	; 127
C:\Users\Ahmed\Documents\Arduino\hardware\MightyCore\avr\cores\MCUdude_corefiles/wiring_digital.c:87
        break;
    #endif
    #if defined(TCCR1A) && defined(COM1B1)
      case TIMER1B:
        TCCR1A &= ~_BV(COM1B1);
 1c2:	8f bd       	out	0x2f, r24	; 47
 1c4:	e3 cf       	rjmp	.-58     	; 0x18c <digitalWrite+0x30>
 1c6:	8f b5       	in	r24, 0x2f	; 47
 1c8:	8f 7d       	andi	r24, 0xDF	; 223
 1ca:	fb cf       	rjmp	.-10     	; 0x1c2 <digitalWrite+0x66>
C:\Users\Ahmed\Documents\Arduino\hardware\MightyCore\avr\cores\MCUdude_corefiles/wiring_digital.c:171
    #if defined(TCCR0) && defined(COM01)
      case TIMER0:
        TCCR0 &= ~_BV(COM01);
        break;
      case TIMER0A:
        TCCR0 &= ~_BV(COM01);
 1cc:	83 b7       	in	r24, 0x33	; 51
 1ce:	8f 7d       	andi	r24, 0xDF	; 223
 1d0:	83 bf       	out	0x33, r24	; 51
 1d2:	dc cf       	rjmp	.-72     	; 0x18c <digitalWrite+0x30>
digitalWrite():
C:\Users\Ahmed\Documents\Arduino\hardware\MightyCore\avr\cores\MCUdude_corefiles/wiring_digital.c:208
  cli();

  if (val == LOW) {
    *out &= ~bit;
  } else {
    *out |= bit;
 1d4:	3e 2b       	or	r19, r30
 1d6:	e8 cf       	rjmp	.-48     	; 0x1a8 <digitalWrite+0x4c>

000001d8 <Print::write(unsigned char const*, unsigned int)>:
_ZN5Print5writeEPKhj():
C:\Users\Ahmed\Documents\Arduino\hardware\MightyCore\avr\cores\MCUdude_corefiles/Print.cpp:35

// Public Methods //////////////////////////////////////////////////////////////

/* default implementation: may be overridden */
size_t Print::write(const uint8_t *buffer, size_t size)
{
 1d8:	af 92       	push	r10
 1da:	bf 92       	push	r11
 1dc:	cf 92       	push	r12
 1de:	df 92       	push	r13
 1e0:	ef 92       	push	r14
 1e2:	ff 92       	push	r15
 1e4:	0f 93       	push	r16
 1e6:	1f 93       	push	r17
 1e8:	cf 93       	push	r28
 1ea:	df 93       	push	r29
 1ec:	6c 01       	movw	r12, r24
 1ee:	7b 01       	movw	r14, r22
 1f0:	8b 01       	movw	r16, r22
 1f2:	04 0f       	add	r16, r20
 1f4:	15 1f       	adc	r17, r21
 1f6:	eb 01       	movw	r28, r22
 1f8:	5e 01       	movw	r10, r28
 1fa:	ae 18       	sub	r10, r14
 1fc:	bf 08       	sbc	r11, r15
C:\Users\Ahmed\Documents\Arduino\hardware\MightyCore\avr\cores\MCUdude_corefiles/Print.cpp:37
  size_t n = 0;
  while (size--) {
 1fe:	c0 17       	cp	r28, r16
 200:	d1 07       	cpc	r29, r17
 202:	59 f0       	breq	.+22     	; 0x21a <Print::write(unsigned char const*, unsigned int)+0x42>
C:\Users\Ahmed\Documents\Arduino\hardware\MightyCore\avr\cores\MCUdude_corefiles/Print.cpp:38
    if (write(*buffer++)) n++;
 204:	69 91       	ld	r22, Y+
 206:	d6 01       	movw	r26, r12
 208:	ed 91       	ld	r30, X+
 20a:	fc 91       	ld	r31, X
 20c:	01 90       	ld	r0, Z+
 20e:	f0 81       	ld	r31, Z
 210:	e0 2d       	mov	r30, r0
 212:	c6 01       	movw	r24, r12
 214:	09 95       	icall
 216:	89 2b       	or	r24, r25
 218:	79 f7       	brne	.-34     	; 0x1f8 <Print::write(unsigned char const*, unsigned int)+0x20>
C:\Users\Ahmed\Documents\Arduino\hardware\MightyCore\avr\cores\MCUdude_corefiles/Print.cpp:42
    else break;
  }
  return n;
}
 21a:	c5 01       	movw	r24, r10
 21c:	df 91       	pop	r29
 21e:	cf 91       	pop	r28
 220:	1f 91       	pop	r17
 222:	0f 91       	pop	r16
 224:	ff 90       	pop	r15
 226:	ef 90       	pop	r14
 228:	df 90       	pop	r13
 22a:	cf 90       	pop	r12
 22c:	bf 90       	pop	r11
 22e:	af 90       	pop	r10
 230:	08 95       	ret

00000232 <HardwareSerial::availableForWrite()>:
_ZN14HardwareSerial17availableForWriteEv():
C:\Users\Ahmed\Documents\Arduino\hardware\MightyCore\avr\cores\MCUdude_corefiles/HardwareSerial.cpp:195
{
  tx_buffer_index_t head;
  tx_buffer_index_t tail;

  TX_BUFFER_ATOMIC {
    head = _tx_buffer_head;
 232:	fc 01       	movw	r30, r24
 234:	53 8d       	ldd	r21, Z+27	; 0x1b
C:\Users\Ahmed\Documents\Arduino\hardware\MightyCore\avr\cores\MCUdude_corefiles/HardwareSerial.cpp:196
    tail = _tx_buffer_tail;
 236:	44 8d       	ldd	r20, Z+28	; 0x1c
 238:	25 2f       	mov	r18, r21
 23a:	30 e0       	ldi	r19, 0x00	; 0
 23c:	84 2f       	mov	r24, r20
 23e:	90 e0       	ldi	r25, 0x00	; 0
C:\Users\Ahmed\Documents\Arduino\hardware\MightyCore\avr\cores\MCUdude_corefiles/HardwareSerial.cpp:198
  }
  if (head >= tail) return SERIAL_TX_BUFFER_SIZE - 1 - head + tail;
 240:	82 1b       	sub	r24, r18
 242:	93 0b       	sbc	r25, r19
 244:	54 17       	cp	r21, r20
 246:	10 f0       	brcs	.+4      	; 0x24c <HardwareSerial::availableForWrite()+0x1a>
 248:	cf 96       	adiw	r24, 0x3f	; 63
 24a:	08 95       	ret
C:\Users\Ahmed\Documents\Arduino\hardware\MightyCore\avr\cores\MCUdude_corefiles/HardwareSerial.cpp:199
  return tail - head - 1;
 24c:	01 97       	sbiw	r24, 0x01	; 1
C:\Users\Ahmed\Documents\Arduino\hardware\MightyCore\avr\cores\MCUdude_corefiles/HardwareSerial.cpp:200
}
 24e:	08 95       	ret

00000250 <HardwareSerial::read()>:
_ZN14HardwareSerial4readEv():
C:\Users\Ahmed\Documents\Arduino\hardware\MightyCore\avr\cores\MCUdude_corefiles/HardwareSerial.cpp:178
    return _rx_buffer[_rx_buffer_tail];
  }
}

int HardwareSerial::read(void)
{
 250:	fc 01       	movw	r30, r24
C:\Users\Ahmed\Documents\Arduino\hardware\MightyCore\avr\cores\MCUdude_corefiles/HardwareSerial.cpp:180
  // if the head isn't ahead of the tail, we don't have any characters
  if (_rx_buffer_head == _rx_buffer_tail) {
 252:	91 8d       	ldd	r25, Z+25	; 0x19
 254:	82 8d       	ldd	r24, Z+26	; 0x1a
 256:	98 17       	cp	r25, r24
 258:	61 f0       	breq	.+24     	; 0x272 <HardwareSerial::read()+0x22>
C:\Users\Ahmed\Documents\Arduino\hardware\MightyCore\avr\cores\MCUdude_corefiles/HardwareSerial.cpp:183
    return -1;
  } else {
    unsigned char c = _rx_buffer[_rx_buffer_tail];
 25a:	a2 8d       	ldd	r26, Z+26	; 0x1a
 25c:	ae 0f       	add	r26, r30
 25e:	bf 2f       	mov	r27, r31
 260:	b1 1d       	adc	r27, r1
 262:	5d 96       	adiw	r26, 0x1d	; 29
 264:	8c 91       	ld	r24, X
C:\Users\Ahmed\Documents\Arduino\hardware\MightyCore\avr\cores\MCUdude_corefiles/HardwareSerial.cpp:184
    _rx_buffer_tail = (rx_buffer_index_t)(_rx_buffer_tail + 1) % SERIAL_RX_BUFFER_SIZE;
 266:	92 8d       	ldd	r25, Z+26	; 0x1a
 268:	9f 5f       	subi	r25, 0xFF	; 255
 26a:	9f 73       	andi	r25, 0x3F	; 63
 26c:	92 8f       	std	Z+26, r25	; 0x1a
C:\Users\Ahmed\Documents\Arduino\hardware\MightyCore\avr\cores\MCUdude_corefiles/HardwareSerial.cpp:185
    return c;
 26e:	90 e0       	ldi	r25, 0x00	; 0
 270:	08 95       	ret
C:\Users\Ahmed\Documents\Arduino\hardware\MightyCore\avr\cores\MCUdude_corefiles/HardwareSerial.cpp:181

int HardwareSerial::read(void)
{
  // if the head isn't ahead of the tail, we don't have any characters
  if (_rx_buffer_head == _rx_buffer_tail) {
    return -1;
 272:	8f ef       	ldi	r24, 0xFF	; 255
 274:	9f ef       	ldi	r25, 0xFF	; 255
C:\Users\Ahmed\Documents\Arduino\hardware\MightyCore\avr\cores\MCUdude_corefiles/HardwareSerial.cpp:187
  } else {
    unsigned char c = _rx_buffer[_rx_buffer_tail];
    _rx_buffer_tail = (rx_buffer_index_t)(_rx_buffer_tail + 1) % SERIAL_RX_BUFFER_SIZE;
    return c;
  }
}
 276:	08 95       	ret

00000278 <HardwareSerial::peek()>:
_ZN14HardwareSerial4peekEv():
C:\Users\Ahmed\Documents\Arduino\hardware\MightyCore\avr\cores\MCUdude_corefiles/HardwareSerial.cpp:169
{
  return ((unsigned int)(SERIAL_RX_BUFFER_SIZE + _rx_buffer_head - _rx_buffer_tail)) % SERIAL_RX_BUFFER_SIZE;
}

int HardwareSerial::peek(void)
{
 278:	fc 01       	movw	r30, r24
C:\Users\Ahmed\Documents\Arduino\hardware\MightyCore\avr\cores\MCUdude_corefiles/HardwareSerial.cpp:170
  if (_rx_buffer_head == _rx_buffer_tail) {
 27a:	91 8d       	ldd	r25, Z+25	; 0x19
 27c:	82 8d       	ldd	r24, Z+26	; 0x1a
 27e:	98 17       	cp	r25, r24
 280:	31 f0       	breq	.+12     	; 0x28e <HardwareSerial::peek()+0x16>
C:\Users\Ahmed\Documents\Arduino\hardware\MightyCore\avr\cores\MCUdude_corefiles/HardwareSerial.cpp:173
    return -1;
  } else {
    return _rx_buffer[_rx_buffer_tail];
 282:	82 8d       	ldd	r24, Z+26	; 0x1a
 284:	e8 0f       	add	r30, r24
 286:	f1 1d       	adc	r31, r1
 288:	85 8d       	ldd	r24, Z+29	; 0x1d
 28a:	90 e0       	ldi	r25, 0x00	; 0
 28c:	08 95       	ret
C:\Users\Ahmed\Documents\Arduino\hardware\MightyCore\avr\cores\MCUdude_corefiles/HardwareSerial.cpp:171
}

int HardwareSerial::peek(void)
{
  if (_rx_buffer_head == _rx_buffer_tail) {
    return -1;
 28e:	8f ef       	ldi	r24, 0xFF	; 255
 290:	9f ef       	ldi	r25, 0xFF	; 255
C:\Users\Ahmed\Documents\Arduino\hardware\MightyCore\avr\cores\MCUdude_corefiles/HardwareSerial.cpp:175
  } else {
    return _rx_buffer[_rx_buffer_tail];
  }
}
 292:	08 95       	ret

00000294 <Stream::timedPeek() [clone .constprop.5]>:
_ZN6Stream9timedPeekEv.constprop.5():
C:\Users\Ahmed\Documents\Arduino\hardware\MightyCore\avr\cores\MCUdude_corefiles/wiring.c:218
}

unsigned long millis()
{
  unsigned long m;
  uint8_t oldSREG = SREG;
 294:	2f b7       	in	r18, 0x3f	; 63
C:\Users\Ahmed\Documents\Arduino\hardware\MightyCore\avr\cores\MCUdude_corefiles/wiring.c:222

  // disable interrupts while we read timer0_millis or we might get an
  // inconsistent value (e.g. in the middle of a write to timer0_millis)
  cli();
 296:	f8 94       	cli
C:\Users\Ahmed\Documents\Arduino\hardware\MightyCore\avr\cores\MCUdude_corefiles/wiring.c:223
  m = timer0_millis;
 298:	80 91 77 00 	lds	r24, 0x0077	; 0x800077 <timer0_millis>
 29c:	90 91 78 00 	lds	r25, 0x0078	; 0x800078 <timer0_millis+0x1>
 2a0:	a0 91 79 00 	lds	r26, 0x0079	; 0x800079 <timer0_millis+0x2>
 2a4:	b0 91 7a 00 	lds	r27, 0x007A	; 0x80007a <timer0_millis+0x3>
C:\Users\Ahmed\Documents\Arduino\hardware\MightyCore\avr\cores\MCUdude_corefiles/wiring.c:224
  SREG = oldSREG;
 2a8:	2f bf       	out	0x3f, r18	; 63
C:\Users\Ahmed\Documents\Arduino\hardware\MightyCore\avr\cores\MCUdude_corefiles/Stream.cpp:46

// private method to peek stream with timeout
int Stream::timedPeek()
{
  int c;
  _startMillis = millis();
 2aa:	80 93 83 00 	sts	0x0083, r24	; 0x800083 <Serial+0x8>
 2ae:	90 93 84 00 	sts	0x0084, r25	; 0x800084 <Serial+0x9>
 2b2:	a0 93 85 00 	sts	0x0085, r26	; 0x800085 <Serial+0xa>
 2b6:	b0 93 86 00 	sts	0x0086, r27	; 0x800086 <Serial+0xb>
C:\Users\Ahmed\Documents\Arduino\hardware\MightyCore\avr\cores\MCUdude_corefiles/Stream.cpp:48
  do {
    c = peek();
 2ba:	8b e7       	ldi	r24, 0x7B	; 123
 2bc:	90 e0       	ldi	r25, 0x00	; 0
 2be:	0e 94 3c 01 	call	0x278	; 0x278 <HardwareSerial::peek()>
C:\Users\Ahmed\Documents\Arduino\hardware\MightyCore\avr\cores\MCUdude_corefiles/Stream.cpp:49
    if (c >= 0) return c;
 2c2:	97 ff       	sbrs	r25, 7
 2c4:	26 c0       	rjmp	.+76     	; 0x312 <Stream::timedPeek() [clone .constprop.5]+0x7e>
millis():
C:\Users\Ahmed\Documents\Arduino\hardware\MightyCore\avr\cores\MCUdude_corefiles/wiring.c:218
}

unsigned long millis()
{
  unsigned long m;
  uint8_t oldSREG = SREG;
 2c6:	2f b7       	in	r18, 0x3f	; 63
C:\Users\Ahmed\Documents\Arduino\hardware\MightyCore\avr\cores\MCUdude_corefiles/wiring.c:222

  // disable interrupts while we read timer0_millis or we might get an
  // inconsistent value (e.g. in the middle of a write to timer0_millis)
  cli();
 2c8:	f8 94       	cli
C:\Users\Ahmed\Documents\Arduino\hardware\MightyCore\avr\cores\MCUdude_corefiles/wiring.c:223
  m = timer0_millis;
 2ca:	80 91 77 00 	lds	r24, 0x0077	; 0x800077 <timer0_millis>
 2ce:	90 91 78 00 	lds	r25, 0x0078	; 0x800078 <timer0_millis+0x1>
 2d2:	a0 91 79 00 	lds	r26, 0x0079	; 0x800079 <timer0_millis+0x2>
 2d6:	b0 91 7a 00 	lds	r27, 0x007A	; 0x80007a <timer0_millis+0x3>
C:\Users\Ahmed\Documents\Arduino\hardware\MightyCore\avr\cores\MCUdude_corefiles/wiring.c:224
  SREG = oldSREG;
 2da:	2f bf       	out	0x3f, r18	; 63
_ZN6Stream9timedPeekEv.constprop.5():
C:\Users\Ahmed\Documents\Arduino\hardware\MightyCore\avr\cores\MCUdude_corefiles/Stream.cpp:50
  } while(millis() - _startMillis < _timeout);
 2dc:	40 91 83 00 	lds	r20, 0x0083	; 0x800083 <Serial+0x8>
 2e0:	50 91 84 00 	lds	r21, 0x0084	; 0x800084 <Serial+0x9>
 2e4:	60 91 85 00 	lds	r22, 0x0085	; 0x800085 <Serial+0xa>
 2e8:	70 91 86 00 	lds	r23, 0x0086	; 0x800086 <Serial+0xb>
 2ec:	84 1b       	sub	r24, r20
 2ee:	95 0b       	sbc	r25, r21
 2f0:	a6 0b       	sbc	r26, r22
 2f2:	b7 0b       	sbc	r27, r23
 2f4:	40 91 7f 00 	lds	r20, 0x007F	; 0x80007f <Serial+0x4>
 2f8:	50 91 80 00 	lds	r21, 0x0080	; 0x800080 <Serial+0x5>
 2fc:	60 91 81 00 	lds	r22, 0x0081	; 0x800081 <Serial+0x6>
 300:	70 91 82 00 	lds	r23, 0x0082	; 0x800082 <Serial+0x7>
 304:	84 17       	cp	r24, r20
 306:	95 07       	cpc	r25, r21
 308:	a6 07       	cpc	r26, r22
 30a:	b7 07       	cpc	r27, r23
 30c:	b0 f2       	brcs	.-84     	; 0x2ba <Stream::timedPeek() [clone .constprop.5]+0x26>
C:\Users\Ahmed\Documents\Arduino\hardware\MightyCore\avr\cores\MCUdude_corefiles/Stream.cpp:51
  return -1;     // -1 indicates timeout
 30e:	8f ef       	ldi	r24, 0xFF	; 255
 310:	9f ef       	ldi	r25, 0xFF	; 255
C:\Users\Ahmed\Documents\Arduino\hardware\MightyCore\avr\cores\MCUdude_corefiles/Stream.cpp:52
}
 312:	08 95       	ret

00000314 <HardwareSerial::available()>:
_ZN14HardwareSerial9availableEv():
C:\Users\Ahmed\Documents\Arduino\hardware\MightyCore\avr\cores\MCUdude_corefiles/HardwareSerial.cpp:164
  // clear any received data
  _rx_buffer_head = _rx_buffer_tail;
}

int HardwareSerial::available(void)
{
 314:	fc 01       	movw	r30, r24
C:\Users\Ahmed\Documents\Arduino\hardware\MightyCore\avr\cores\MCUdude_corefiles/HardwareSerial.cpp:165
  return ((unsigned int)(SERIAL_RX_BUFFER_SIZE + _rx_buffer_head - _rx_buffer_tail)) % SERIAL_RX_BUFFER_SIZE;
 316:	91 8d       	ldd	r25, Z+25	; 0x19
 318:	22 8d       	ldd	r18, Z+26	; 0x1a
 31a:	89 2f       	mov	r24, r25
 31c:	90 e0       	ldi	r25, 0x00	; 0
 31e:	80 5c       	subi	r24, 0xC0	; 192
 320:	9f 4f       	sbci	r25, 0xFF	; 255
 322:	82 1b       	sub	r24, r18
 324:	91 09       	sbc	r25, r1
C:\Users\Ahmed\Documents\Arduino\hardware\MightyCore\avr\cores\MCUdude_corefiles/HardwareSerial.cpp:166
}
 326:	8f 73       	andi	r24, 0x3F	; 63
 328:	99 27       	eor	r25, r25
 32a:	08 95       	ret

0000032c <Serial0_available()>:
_Z17Serial0_availablev():
C:\Users\Ahmed\Documents\Arduino\hardware\MightyCore\avr\cores\MCUdude_corefiles/HardwareSerial0.cpp:76
#endif

// Function that can be weakly referenced by serialEventRun to prevent
// pulling in this file if it's not otherwise used.
bool Serial0_available() {
  return Serial.available();
 32c:	8b e7       	ldi	r24, 0x7B	; 123
 32e:	90 e0       	ldi	r25, 0x00	; 0
 330:	0e 94 8a 01 	call	0x314	; 0x314 <HardwareSerial::available()>
 334:	21 e0       	ldi	r18, 0x01	; 1
 336:	89 2b       	or	r24, r25
 338:	09 f4       	brne	.+2      	; 0x33c <Serial0_available()+0x10>
 33a:	20 e0       	ldi	r18, 0x00	; 0
C:\Users\Ahmed\Documents\Arduino\hardware\MightyCore\avr\cores\MCUdude_corefiles/HardwareSerial0.cpp:77
}
 33c:	82 2f       	mov	r24, r18
 33e:	08 95       	ret

00000340 <serialEventRun()>:
_Z14serialEventRunv():
C:\Users\Ahmed\Documents\Arduino\hardware\MightyCore\avr\cores\MCUdude_corefiles/HardwareSerial.cpp:67
#endif

void serialEventRun(void)
{
#if defined(HAVE_HWSERIAL0)
  if (Serial0_available && serialEvent && Serial0_available()) serialEvent();
 340:	80 e0       	ldi	r24, 0x00	; 0
 342:	90 e0       	ldi	r25, 0x00	; 0
 344:	89 2b       	or	r24, r25
 346:	29 f0       	breq	.+10     	; 0x352 <serialEventRun()+0x12>
 348:	0e 94 96 01 	call	0x32c	; 0x32c <Serial0_available()>
 34c:	81 11       	cpse	r24, r1
 34e:	0c 94 00 00 	jmp	0	; 0x0 <__vectors>
C:\Users\Ahmed\Documents\Arduino\hardware\MightyCore\avr\cores\MCUdude_corefiles/HardwareSerial.cpp:78
  if (Serial2_available && serialEvent2 && Serial2_available()) serialEvent2();
#endif
#if defined(HAVE_HWSERIAL3)
  if (Serial3_available && serialEvent3 && Serial3_available()) serialEvent3();
#endif
}
 352:	08 95       	ret

00000354 <HardwareSerial::_tx_udr_empty_irq()>:
_ZN14HardwareSerial17_tx_udr_empty_irqEv():
C:\Users\Ahmed\Documents\Arduino\hardware\MightyCore\avr\cores\MCUdude_corefiles/HardwareSerial.cpp:90
#endif

// Actual interrupt handlers //////////////////////////////////////////////////////////////

void HardwareSerial::_tx_udr_empty_irq(void)
{
 354:	fc 01       	movw	r30, r24
C:\Users\Ahmed\Documents\Arduino\hardware\MightyCore\avr\cores\MCUdude_corefiles/HardwareSerial.cpp:93
  // If interrupts are enabled, there must be more data in the output
  // buffer. Send the next byte
  unsigned char c = _tx_buffer[_tx_buffer_tail];
 356:	a4 8d       	ldd	r26, Z+28	; 0x1c
 358:	a8 0f       	add	r26, r24
 35a:	b9 2f       	mov	r27, r25
 35c:	b1 1d       	adc	r27, r1
 35e:	a3 5a       	subi	r26, 0xA3	; 163
 360:	bf 4f       	sbci	r27, 0xFF	; 255
 362:	2c 91       	ld	r18, X
C:\Users\Ahmed\Documents\Arduino\hardware\MightyCore\avr\cores\MCUdude_corefiles/HardwareSerial.cpp:94
  _tx_buffer_tail = (_tx_buffer_tail + 1) % SERIAL_TX_BUFFER_SIZE;
 364:	84 8d       	ldd	r24, Z+28	; 0x1c
 366:	90 e0       	ldi	r25, 0x00	; 0
 368:	01 96       	adiw	r24, 0x01	; 1
 36a:	8f 73       	andi	r24, 0x3F	; 63
 36c:	99 27       	eor	r25, r25
 36e:	84 8f       	std	Z+28, r24	; 0x1c
C:\Users\Ahmed\Documents\Arduino\hardware\MightyCore\avr\cores\MCUdude_corefiles/HardwareSerial.cpp:96

  *_udr = c;
 370:	a6 89       	ldd	r26, Z+22	; 0x16
 372:	b7 89       	ldd	r27, Z+23	; 0x17
 374:	2c 93       	st	X, r18
C:\Users\Ahmed\Documents\Arduino\hardware\MightyCore\avr\cores\MCUdude_corefiles/HardwareSerial.cpp:106
  // written to the rest.

  #ifdef MPCM0
    *_ucsra = ((*_ucsra) & ((1 << U2X0) | (1 << MPCM0))) | (1 << TXC0);
  #else
    *_ucsra = ((*_ucsra) & ((1 << U2X0) | (1 << TXC0)));
 376:	a0 89       	ldd	r26, Z+16	; 0x10
 378:	b1 89       	ldd	r27, Z+17	; 0x11
 37a:	8c 91       	ld	r24, X
 37c:	82 74       	andi	r24, 0x42	; 66
 37e:	8c 93       	st	X, r24
C:\Users\Ahmed\Documents\Arduino\hardware\MightyCore\avr\cores\MCUdude_corefiles/HardwareSerial.cpp:109
  #endif

  if (_tx_buffer_head == _tx_buffer_tail) {
 380:	93 8d       	ldd	r25, Z+27	; 0x1b
 382:	84 8d       	ldd	r24, Z+28	; 0x1c
 384:	98 13       	cpse	r25, r24
 386:	06 c0       	rjmp	.+12     	; 0x394 <HardwareSerial::_tx_udr_empty_irq()+0x40>
C:\Users\Ahmed\Documents\Arduino\hardware\MightyCore\avr\cores\MCUdude_corefiles/HardwareSerial.cpp:111
    // Buffer empty, so disable interrupts
    *_ucsrb &= ~_BV(UDRIE0);
 388:	02 88       	ldd	r0, Z+18	; 0x12
 38a:	f3 89       	ldd	r31, Z+19	; 0x13
 38c:	e0 2d       	mov	r30, r0
 38e:	80 81       	ld	r24, Z
 390:	8f 7d       	andi	r24, 0xDF	; 223
 392:	80 83       	st	Z, r24
C:\Users\Ahmed\Documents\Arduino\hardware\MightyCore\avr\cores\MCUdude_corefiles/HardwareSerial.cpp:113
  }
}
 394:	08 95       	ret

00000396 <HardwareSerial::write(unsigned char)>:
_ZN14HardwareSerial5writeEh():
C:\Users\Ahmed\Documents\Arduino\hardware\MightyCore\avr\cores\MCUdude_corefiles/HardwareSerial.cpp:223
  // If we get here, nothing is queued anymore (DRIE is disabled) and
  // the hardware finished tranmission (TXC is set).
}

size_t HardwareSerial::write(uint8_t c)
{
 396:	ef 92       	push	r14
 398:	ff 92       	push	r15
 39a:	0f 93       	push	r16
 39c:	1f 93       	push	r17
 39e:	cf 93       	push	r28
 3a0:	df 93       	push	r29
 3a2:	ec 01       	movw	r28, r24
C:\Users\Ahmed\Documents\Arduino\hardware\MightyCore\avr\cores\MCUdude_corefiles/HardwareSerial.cpp:224
  _written = true;
 3a4:	81 e0       	ldi	r24, 0x01	; 1
 3a6:	88 8f       	std	Y+24, r24	; 0x18
C:\Users\Ahmed\Documents\Arduino\hardware\MightyCore\avr\cores\MCUdude_corefiles/HardwareSerial.cpp:229
  // If the buffer and the data register is empty, just write the byte
  // to the data register and be done. This shortcut helps
  // significantly improve the effective datarate at high (>
  // 500kbit/s) bitrates, where interrupt overhead becomes a slowdown.
  if (_tx_buffer_head == _tx_buffer_tail && bit_is_set(*_ucsra, UDRE0)) {
 3a8:	9b 8d       	ldd	r25, Y+27	; 0x1b
 3aa:	8c 8d       	ldd	r24, Y+28	; 0x1c
 3ac:	98 13       	cpse	r25, r24
 3ae:	19 c0       	rjmp	.+50     	; 0x3e2 <HardwareSerial::write(unsigned char)+0x4c>
 3b0:	e8 89       	ldd	r30, Y+16	; 0x10
 3b2:	f9 89       	ldd	r31, Y+17	; 0x11
 3b4:	80 81       	ld	r24, Z
 3b6:	85 ff       	sbrs	r24, 5
 3b8:	14 c0       	rjmp	.+40     	; 0x3e2 <HardwareSerial::write(unsigned char)+0x4c>
C:\Users\Ahmed\Documents\Arduino\hardware\MightyCore\avr\cores\MCUdude_corefiles/HardwareSerial.cpp:238
    // So writing UDR must happen first.
    // Writing UDR and clearing TC must be done atomically, otherwise
    // interrupts might delay the TXC clear so the byte written to UDR
    // is transmitted (setting TXC) before clearing TXC. Then TXC will
    // be cleared when no bytes are left, causing flush() to hang
    ATOMIC_BLOCK(ATOMIC_RESTORESTATE) {
 3ba:	9f b7       	in	r25, 0x3f	; 63
__iCliRetVal():
c:\users\ahmed\appdata\local\arduino15\packages\arduino\tools\avr-gcc\7.3.0-atmel3.6.1-arduino7\avr\include\util/atomic.h:50
    return 1;
}

static __inline__ uint8_t __iCliRetVal(void)
{
    cli();
 3bc:	f8 94       	cli
_ZN14HardwareSerial5writeEh():
C:\Users\Ahmed\Documents\Arduino\hardware\MightyCore\avr\cores\MCUdude_corefiles/HardwareSerial.cpp:239
      *_udr = c;
 3be:	ee 89       	ldd	r30, Y+22	; 0x16
 3c0:	ff 89       	ldd	r31, Y+23	; 0x17
 3c2:	60 83       	st	Z, r22
C:\Users\Ahmed\Documents\Arduino\hardware\MightyCore\avr\cores\MCUdude_corefiles/HardwareSerial.cpp:243
      #ifdef MPCM0
        *_ucsra = ((*_ucsra) & ((1 << U2X0) | (1 << MPCM0))) | (1 << TXC0);
      #else
        *_ucsra = ((*_ucsra) & ((1 << U2X0) | (1 << TXC0)));
 3c4:	e8 89       	ldd	r30, Y+16	; 0x10
 3c6:	f9 89       	ldd	r31, Y+17	; 0x11
 3c8:	80 81       	ld	r24, Z
 3ca:	82 74       	andi	r24, 0x42	; 66
C:\Users\Ahmed\Documents\Arduino\hardware\MightyCore\avr\cores\MCUdude_corefiles/HardwareSerial.cpp:271
  // make atomic to prevent execution of ISR between setting the
  // head pointer and setting the interrupt flag resulting in buffer
  // retransmission
  ATOMIC_BLOCK(ATOMIC_RESTORESTATE) {
    _tx_buffer_head = i;
    *_ucsrb |= _BV(UDRIE0);
 3cc:	80 83       	st	Z, r24
__iRestore():
c:\users\ahmed\appdata\local\arduino15\packages\arduino\tools\avr-gcc\7.3.0-atmel3.6.1-arduino7\avr\include\util/atomic.h:70
    (void)__s;
}

static __inline__ void __iRestore(const  uint8_t *__s)
{
    SREG = *__s;
 3ce:	9f bf       	out	0x3f, r25	; 63
_ZN14HardwareSerial5writeEh():
C:\Users\Ahmed\Documents\Arduino\hardware\MightyCore\avr\cores\MCUdude_corefiles/HardwareSerial.cpp:275
  }
  
  return 1;
}
 3d0:	81 e0       	ldi	r24, 0x01	; 1
 3d2:	90 e0       	ldi	r25, 0x00	; 0
 3d4:	df 91       	pop	r29
 3d6:	cf 91       	pop	r28
 3d8:	1f 91       	pop	r17
 3da:	0f 91       	pop	r16
 3dc:	ff 90       	pop	r15
 3de:	ef 90       	pop	r14
 3e0:	08 95       	ret
 3e2:	f6 2e       	mov	r15, r22
C:\Users\Ahmed\Documents\Arduino\hardware\MightyCore\avr\cores\MCUdude_corefiles/HardwareSerial.cpp:248
        *_ucsra = ((*_ucsra) & ((1 << U2X0) | (1 << TXC0)));
      #endif
    }
    return 1;
  }
  tx_buffer_index_t i = (_tx_buffer_head + 1) % SERIAL_TX_BUFFER_SIZE;
 3e4:	0b 8d       	ldd	r16, Y+27	; 0x1b
 3e6:	10 e0       	ldi	r17, 0x00	; 0
 3e8:	0f 5f       	subi	r16, 0xFF	; 255
 3ea:	1f 4f       	sbci	r17, 0xFF	; 255
 3ec:	0f 73       	andi	r16, 0x3F	; 63
 3ee:	11 27       	eor	r17, r17
 3f0:	e0 2e       	mov	r14, r16
C:\Users\Ahmed\Documents\Arduino\hardware\MightyCore\avr\cores\MCUdude_corefiles/HardwareSerial.cpp:252

  // If the output buffer is full, there's nothing for it other than to 
  // wait for the interrupt handler to empty it a bit
  while (i == _tx_buffer_tail) {
 3f2:	8c 8d       	ldd	r24, Y+28	; 0x1c
 3f4:	8e 11       	cpse	r24, r14
 3f6:	0c c0       	rjmp	.+24     	; 0x410 <__LOCK_REGION_LENGTH__+0x10>
C:\Users\Ahmed\Documents\Arduino\hardware\MightyCore\avr\cores\MCUdude_corefiles/HardwareSerial.cpp:253
    if (bit_is_clear(SREG, SREG_I)) {
 3f8:	0f b6       	in	r0, 0x3f	; 63
 3fa:	07 fc       	sbrc	r0, 7
 3fc:	fa cf       	rjmp	.-12     	; 0x3f2 <HardwareSerial::write(unsigned char)+0x5c>
C:\Users\Ahmed\Documents\Arduino\hardware\MightyCore\avr\cores\MCUdude_corefiles/HardwareSerial.cpp:258
      // Interrupts are disabled, so we'll have to poll the data
      // register empty flag ourselves. If it is set, pretend an
      // interrupt has happened and call the handler to free up
      // space for us.
      if(bit_is_set(*_ucsra, UDRE0))
 3fe:	e8 89       	ldd	r30, Y+16	; 0x10
 400:	f9 89       	ldd	r31, Y+17	; 0x11
 402:	80 81       	ld	r24, Z
 404:	85 ff       	sbrs	r24, 5
 406:	f5 cf       	rjmp	.-22     	; 0x3f2 <HardwareSerial::write(unsigned char)+0x5c>
C:\Users\Ahmed\Documents\Arduino\hardware\MightyCore\avr\cores\MCUdude_corefiles/HardwareSerial.cpp:259
        _tx_udr_empty_irq();
 408:	ce 01       	movw	r24, r28
 40a:	0e 94 aa 01 	call	0x354	; 0x354 <HardwareSerial::_tx_udr_empty_irq()>
 40e:	f1 cf       	rjmp	.-30     	; 0x3f2 <HardwareSerial::write(unsigned char)+0x5c>
C:\Users\Ahmed\Documents\Arduino\hardware\MightyCore\avr\cores\MCUdude_corefiles/HardwareSerial.cpp:265
    } else {
      // nop, the interrupt handler will free up space for us
    }
  }

  _tx_buffer[_tx_buffer_head] = c;
 410:	eb 8d       	ldd	r30, Y+27	; 0x1b
 412:	ec 0f       	add	r30, r28
 414:	fd 2f       	mov	r31, r29
 416:	f1 1d       	adc	r31, r1
 418:	e3 5a       	subi	r30, 0xA3	; 163
 41a:	ff 4f       	sbci	r31, 0xFF	; 255
 41c:	f0 82       	st	Z, r15
C:\Users\Ahmed\Documents\Arduino\hardware\MightyCore\avr\cores\MCUdude_corefiles/HardwareSerial.cpp:269
  // make atomic to prevent execution of ISR between setting the
  // head pointer and setting the interrupt flag resulting in buffer
  // retransmission
  ATOMIC_BLOCK(ATOMIC_RESTORESTATE) {
 41e:	9f b7       	in	r25, 0x3f	; 63
__iCliRetVal():
c:\users\ahmed\appdata\local\arduino15\packages\arduino\tools\avr-gcc\7.3.0-atmel3.6.1-arduino7\avr\include\util/atomic.h:50
    return 1;
}

static __inline__ uint8_t __iCliRetVal(void)
{
    cli();
 420:	f8 94       	cli
_ZN14HardwareSerial5writeEh():
C:\Users\Ahmed\Documents\Arduino\hardware\MightyCore\avr\cores\MCUdude_corefiles/HardwareSerial.cpp:270
    _tx_buffer_head = i;
 422:	0b 8f       	std	Y+27, r16	; 0x1b
C:\Users\Ahmed\Documents\Arduino\hardware\MightyCore\avr\cores\MCUdude_corefiles/HardwareSerial.cpp:271
    *_ucsrb |= _BV(UDRIE0);
 424:	ea 89       	ldd	r30, Y+18	; 0x12
 426:	fb 89       	ldd	r31, Y+19	; 0x13
 428:	80 81       	ld	r24, Z
 42a:	80 62       	ori	r24, 0x20	; 32
 42c:	cf cf       	rjmp	.-98     	; 0x3cc <HardwareSerial::write(unsigned char)+0x36>

0000042e <HardwareSerial::flush()>:
_ZN14HardwareSerial5flushEv():
C:\Users\Ahmed\Documents\Arduino\hardware\MightyCore\avr\cores\MCUdude_corefiles/HardwareSerial.cpp:203
  if (head >= tail) return SERIAL_TX_BUFFER_SIZE - 1 - head + tail;
  return tail - head - 1;
}

void HardwareSerial::flush()
{
 42e:	cf 93       	push	r28
 430:	df 93       	push	r29
 432:	ec 01       	movw	r28, r24
C:\Users\Ahmed\Documents\Arduino\hardware\MightyCore\avr\cores\MCUdude_corefiles/HardwareSerial.cpp:207
  // If we have never written a byte, no need to flush. This special
  // case is needed since there is no way to force the TXC (transmit
  // complete) bit to 1 during initialization
  if (!_written)
 434:	88 8d       	ldd	r24, Y+24	; 0x18
 436:	88 23       	and	r24, r24
 438:	b9 f0       	breq	.+46     	; 0x468 <HardwareSerial::flush()+0x3a>
C:\Users\Ahmed\Documents\Arduino\hardware\MightyCore\avr\cores\MCUdude_corefiles/HardwareSerial.cpp:210
    return;

  while (bit_is_set(*_ucsrb, UDRIE0) || bit_is_clear(*_ucsra, TXC0)) {
 43a:	aa 89       	ldd	r26, Y+18	; 0x12
 43c:	bb 89       	ldd	r27, Y+19	; 0x13
 43e:	e8 89       	ldd	r30, Y+16	; 0x10
 440:	f9 89       	ldd	r31, Y+17	; 0x11
 442:	8c 91       	ld	r24, X
 444:	85 fd       	sbrc	r24, 5
 446:	03 c0       	rjmp	.+6      	; 0x44e <HardwareSerial::flush()+0x20>
 448:	80 81       	ld	r24, Z
 44a:	86 fd       	sbrc	r24, 6
 44c:	0d c0       	rjmp	.+26     	; 0x468 <HardwareSerial::flush()+0x3a>
C:\Users\Ahmed\Documents\Arduino\hardware\MightyCore\avr\cores\MCUdude_corefiles/HardwareSerial.cpp:211
    if (bit_is_clear(SREG, SREG_I) && bit_is_set(*_ucsrb, UDRIE0))
 44e:	0f b6       	in	r0, 0x3f	; 63
 450:	07 fc       	sbrc	r0, 7
 452:	f7 cf       	rjmp	.-18     	; 0x442 <HardwareSerial::flush()+0x14>
 454:	8c 91       	ld	r24, X
 456:	85 ff       	sbrs	r24, 5
 458:	f2 cf       	rjmp	.-28     	; 0x43e <HardwareSerial::flush()+0x10>
C:\Users\Ahmed\Documents\Arduino\hardware\MightyCore\avr\cores\MCUdude_corefiles/HardwareSerial.cpp:215
      // Interrupts are globally disabled, but the DR empty
      // interrupt should be enabled, so poll the DR empty flag to
      // prevent deadlock
      if (bit_is_set(*_ucsra, UDRE0))
 45a:	80 81       	ld	r24, Z
 45c:	85 ff       	sbrs	r24, 5
 45e:	ed cf       	rjmp	.-38     	; 0x43a <HardwareSerial::flush()+0xc>
C:\Users\Ahmed\Documents\Arduino\hardware\MightyCore\avr\cores\MCUdude_corefiles/HardwareSerial.cpp:216
        _tx_udr_empty_irq();
 460:	ce 01       	movw	r24, r28
 462:	0e 94 aa 01 	call	0x354	; 0x354 <HardwareSerial::_tx_udr_empty_irq()>
 466:	e9 cf       	rjmp	.-46     	; 0x43a <HardwareSerial::flush()+0xc>
C:\Users\Ahmed\Documents\Arduino\hardware\MightyCore\avr\cores\MCUdude_corefiles/HardwareSerial.cpp:220
  }
  // If we get here, nothing is queued anymore (DRIE is disabled) and
  // the hardware finished tranmission (TXC is set).
}
 468:	df 91       	pop	r29
 46a:	cf 91       	pop	r28
 46c:	08 95       	ret

0000046e <__vector_11>:
__vector_11():
C:\Users\Ahmed\Documents\Arduino\hardware\MightyCore\avr\cores\MCUdude_corefiles/wiring.c:159
#if defined(__AVR_ATtiny24__) || defined(__AVR_ATtiny44__) || defined(__AVR_ATtiny84__)
ISR(TIM0_OVF_vect)
#else
ISR(TIMER0_OVF_vect)
#endif
{
 46e:	1f 92       	push	r1
 470:	0f 92       	push	r0
 472:	0f b6       	in	r0, 0x3f	; 63
 474:	0f 92       	push	r0
 476:	11 24       	eor	r1, r1
 478:	2f 93       	push	r18
 47a:	3f 93       	push	r19
 47c:	8f 93       	push	r24
 47e:	9f 93       	push	r25
 480:	af 93       	push	r26
 482:	bf 93       	push	r27
C:\Users\Ahmed\Documents\Arduino\hardware\MightyCore\avr\cores\MCUdude_corefiles/wiring.c:167
  static unsigned char timer0_exact = 0;
#endif

  // copy these to local variables so they can be stored in registers
  // (volatile variables must be read from memory on every access, so this saves time)
  unsigned long m = timer0_millis;
 484:	80 91 77 00 	lds	r24, 0x0077	; 0x800077 <timer0_millis>
 488:	90 91 78 00 	lds	r25, 0x0078	; 0x800078 <timer0_millis+0x1>
 48c:	a0 91 79 00 	lds	r26, 0x0079	; 0x800079 <timer0_millis+0x2>
 490:	b0 91 7a 00 	lds	r27, 0x007A	; 0x80007a <timer0_millis+0x3>
C:\Users\Ahmed\Documents\Arduino\hardware\MightyCore\avr\cores\MCUdude_corefiles/wiring.c:168
  unsigned char f = timer0_fract;
 494:	30 91 76 00 	lds	r19, 0x0076	; 0x800076 <timer0_fract>
C:\Users\Ahmed\Documents\Arduino\hardware\MightyCore\avr\cores\MCUdude_corefiles/wiring.c:170

  f += FRACT_INC FRACT_INC_PLUS;
 498:	23 e0       	ldi	r18, 0x03	; 3
 49a:	23 0f       	add	r18, r19
C:\Users\Ahmed\Documents\Arduino\hardware\MightyCore\avr\cores\MCUdude_corefiles/wiring.c:200
    ++f;
  }
#endif
#endif // CORRECT_EXACT_MILLIS

  if (f >= FRACT_MAX) {
 49c:	2d 37       	cpi	r18, 0x7D	; 125
 49e:	68 f1       	brcs	.+90     	; 0x4fa <__vector_11+0x8c>
C:\Users\Ahmed\Documents\Arduino\hardware\MightyCore\avr\cores\MCUdude_corefiles/wiring.c:201
    f -= FRACT_MAX;
 4a0:	26 e8       	ldi	r18, 0x86	; 134
 4a2:	23 0f       	add	r18, r19
C:\Users\Ahmed\Documents\Arduino\hardware\MightyCore\avr\cores\MCUdude_corefiles/wiring.c:202
    m += MILLIS_INC + 1;
 4a4:	02 96       	adiw	r24, 0x02	; 2
 4a6:	a1 1d       	adc	r26, r1
 4a8:	b1 1d       	adc	r27, r1
C:\Users\Ahmed\Documents\Arduino\hardware\MightyCore\avr\cores\MCUdude_corefiles/wiring.c:208
  }
  else {
    m += MILLIS_INC;
  }

  timer0_fract = f;
 4aa:	20 93 76 00 	sts	0x0076, r18	; 0x800076 <timer0_fract>
C:\Users\Ahmed\Documents\Arduino\hardware\MightyCore\avr\cores\MCUdude_corefiles/wiring.c:209
  timer0_millis = m;
 4ae:	80 93 77 00 	sts	0x0077, r24	; 0x800077 <timer0_millis>
 4b2:	90 93 78 00 	sts	0x0078, r25	; 0x800078 <timer0_millis+0x1>
 4b6:	a0 93 79 00 	sts	0x0079, r26	; 0x800079 <timer0_millis+0x2>
 4ba:	b0 93 7a 00 	sts	0x007A, r27	; 0x80007a <timer0_millis+0x3>
C:\Users\Ahmed\Documents\Arduino\hardware\MightyCore\avr\cores\MCUdude_corefiles/wiring.c:211
#ifndef CORRECT_EXACT_MICROS
  timer0_overflow_count++;
 4be:	80 91 72 00 	lds	r24, 0x0072	; 0x800072 <__data_end>
 4c2:	90 91 73 00 	lds	r25, 0x0073	; 0x800073 <__data_end+0x1>
 4c6:	a0 91 74 00 	lds	r26, 0x0074	; 0x800074 <__data_end+0x2>
 4ca:	b0 91 75 00 	lds	r27, 0x0075	; 0x800075 <__data_end+0x3>
 4ce:	01 96       	adiw	r24, 0x01	; 1
 4d0:	a1 1d       	adc	r26, r1
 4d2:	b1 1d       	adc	r27, r1
 4d4:	80 93 72 00 	sts	0x0072, r24	; 0x800072 <__data_end>
 4d8:	90 93 73 00 	sts	0x0073, r25	; 0x800073 <__data_end+0x1>
 4dc:	a0 93 74 00 	sts	0x0074, r26	; 0x800074 <__data_end+0x2>
 4e0:	b0 93 75 00 	sts	0x0075, r27	; 0x800075 <__data_end+0x3>
C:\Users\Ahmed\Documents\Arduino\hardware\MightyCore\avr\cores\MCUdude_corefiles/wiring.c:213
#endif
}
 4e4:	bf 91       	pop	r27
 4e6:	af 91       	pop	r26
 4e8:	9f 91       	pop	r25
 4ea:	8f 91       	pop	r24
 4ec:	3f 91       	pop	r19
 4ee:	2f 91       	pop	r18
 4f0:	0f 90       	pop	r0
 4f2:	0f be       	out	0x3f, r0	; 63
 4f4:	0f 90       	pop	r0
 4f6:	1f 90       	pop	r1
 4f8:	18 95       	reti
C:\Users\Ahmed\Documents\Arduino\hardware\MightyCore\avr\cores\MCUdude_corefiles/wiring.c:205
  if (f >= FRACT_MAX) {
    f -= FRACT_MAX;
    m += MILLIS_INC + 1;
  }
  else {
    m += MILLIS_INC;
 4fa:	01 96       	adiw	r24, 0x01	; 1
 4fc:	a1 1d       	adc	r26, r1
 4fe:	b1 1d       	adc	r27, r1
 500:	d4 cf       	rjmp	.-88     	; 0x4aa <__vector_11+0x3c>

00000502 <__vector_14>:
__vector_14():
C:\Users\Ahmed\Documents\Arduino\hardware\MightyCore\avr\cores\MCUdude_corefiles/HardwareSerial0.cpp:63
#elif defined(USART0_UDRE_vect)
ISR(USART0_UDRE_vect)
#else
  #error "Don't know what the Data Register Empty vector is called for Serial"
#endif
{
 502:	1f 92       	push	r1
 504:	0f 92       	push	r0
 506:	0f b6       	in	r0, 0x3f	; 63
 508:	0f 92       	push	r0
 50a:	11 24       	eor	r1, r1
 50c:	2f 93       	push	r18
 50e:	3f 93       	push	r19
 510:	4f 93       	push	r20
 512:	5f 93       	push	r21
 514:	6f 93       	push	r22
 516:	7f 93       	push	r23
 518:	8f 93       	push	r24
 51a:	9f 93       	push	r25
 51c:	af 93       	push	r26
 51e:	bf 93       	push	r27
 520:	ef 93       	push	r30
 522:	ff 93       	push	r31
C:\Users\Ahmed\Documents\Arduino\hardware\MightyCore\avr\cores\MCUdude_corefiles/HardwareSerial0.cpp:64
  Serial._tx_udr_empty_irq();
 524:	8b e7       	ldi	r24, 0x7B	; 123
 526:	90 e0       	ldi	r25, 0x00	; 0
 528:	0e 94 aa 01 	call	0x354	; 0x354 <HardwareSerial::_tx_udr_empty_irq()>
C:\Users\Ahmed\Documents\Arduino\hardware\MightyCore\avr\cores\MCUdude_corefiles/HardwareSerial0.cpp:65
}
 52c:	ff 91       	pop	r31
 52e:	ef 91       	pop	r30
 530:	bf 91       	pop	r27
 532:	af 91       	pop	r26
 534:	9f 91       	pop	r25
 536:	8f 91       	pop	r24
 538:	7f 91       	pop	r23
 53a:	6f 91       	pop	r22
 53c:	5f 91       	pop	r21
 53e:	4f 91       	pop	r20
 540:	3f 91       	pop	r19
 542:	2f 91       	pop	r18
 544:	0f 90       	pop	r0
 546:	0f be       	out	0x3f, r0	; 63
 548:	0f 90       	pop	r0
 54a:	1f 90       	pop	r1
 54c:	18 95       	reti

0000054e <__vector_13>:
__vector_13():
C:\Users\Ahmed\Documents\Arduino\hardware\MightyCore\avr\cores\MCUdude_corefiles/HardwareSerial0.cpp:50
#elif defined(USART_RX_vect)
  ISR(USART_RX_vect)
#else
  #error "Don't know what the Data Received vector is called for Serial"
#endif
  {
 54e:	1f 92       	push	r1
 550:	0f 92       	push	r0
 552:	0f b6       	in	r0, 0x3f	; 63
 554:	0f 92       	push	r0
 556:	11 24       	eor	r1, r1
 558:	2f 93       	push	r18
 55a:	8f 93       	push	r24
 55c:	9f 93       	push	r25
 55e:	ef 93       	push	r30
 560:	ff 93       	push	r31
_rx_complete_irq():
C:\Users\Ahmed\Documents\Arduino\hardware\MightyCore\avr\cores\MCUdude_corefiles/HardwareSerial_private.h:100

// Actual interrupt handlers //////////////////////////////////////////////////////////////

void HardwareSerial::_rx_complete_irq(void)
{
  if (bit_is_clear(*_ucsra, UPE0)) {
 562:	e0 91 8b 00 	lds	r30, 0x008B	; 0x80008b <Serial+0x10>
 566:	f0 91 8c 00 	lds	r31, 0x008C	; 0x80008c <Serial+0x11>
 56a:	80 81       	ld	r24, Z
 56c:	e0 91 91 00 	lds	r30, 0x0091	; 0x800091 <Serial+0x16>
 570:	f0 91 92 00 	lds	r31, 0x0092	; 0x800092 <Serial+0x17>
 574:	82 fd       	sbrc	r24, 2
 576:	1b c0       	rjmp	.+54     	; 0x5ae <__vector_13+0x60>
C:\Users\Ahmed\Documents\Arduino\hardware\MightyCore\avr\cores\MCUdude_corefiles/HardwareSerial_private.h:103
    // No Parity error, read byte and store it in the buffer if there is
    // room
    unsigned char c = *_udr;
 578:	90 81       	ld	r25, Z
C:\Users\Ahmed\Documents\Arduino\hardware\MightyCore\avr\cores\MCUdude_corefiles/HardwareSerial_private.h:104
    rx_buffer_index_t i = (unsigned int)(_rx_buffer_head + 1) % SERIAL_RX_BUFFER_SIZE;
 57a:	80 91 94 00 	lds	r24, 0x0094	; 0x800094 <Serial+0x19>
 57e:	8f 5f       	subi	r24, 0xFF	; 255
 580:	8f 73       	andi	r24, 0x3F	; 63
C:\Users\Ahmed\Documents\Arduino\hardware\MightyCore\avr\cores\MCUdude_corefiles/HardwareSerial_private.h:110

    // if we should be storing the received character into the location
    // just before the tail (meaning that the head would advance to the
    // current location of the tail), we're about to overflow the buffer
    // and so we don't write the character or advance the head.
    if (i != _rx_buffer_tail) {
 582:	20 91 95 00 	lds	r18, 0x0095	; 0x800095 <Serial+0x1a>
 586:	82 17       	cp	r24, r18
 588:	41 f0       	breq	.+16     	; 0x59a <__vector_13+0x4c>
C:\Users\Ahmed\Documents\Arduino\hardware\MightyCore\avr\cores\MCUdude_corefiles/HardwareSerial_private.h:111
      _rx_buffer[_rx_buffer_head] = c;
 58a:	e0 91 94 00 	lds	r30, 0x0094	; 0x800094 <Serial+0x19>
 58e:	f0 e0       	ldi	r31, 0x00	; 0
 590:	e5 58       	subi	r30, 0x85	; 133
 592:	ff 4f       	sbci	r31, 0xFF	; 255
 594:	95 8f       	std	Z+29, r25	; 0x1d
C:\Users\Ahmed\Documents\Arduino\hardware\MightyCore\avr\cores\MCUdude_corefiles/HardwareSerial_private.h:112
      _rx_buffer_head = i;
 596:	80 93 94 00 	sts	0x0094, r24	; 0x800094 <Serial+0x19>
__vector_13():
C:\Users\Ahmed\Documents\Arduino\hardware\MightyCore\avr\cores\MCUdude_corefiles/HardwareSerial0.cpp:52
    Serial._rx_complete_irq();
  }
 59a:	ff 91       	pop	r31
 59c:	ef 91       	pop	r30
 59e:	9f 91       	pop	r25
 5a0:	8f 91       	pop	r24
 5a2:	2f 91       	pop	r18
 5a4:	0f 90       	pop	r0
 5a6:	0f be       	out	0x3f, r0	; 63
 5a8:	0f 90       	pop	r0
 5aa:	1f 90       	pop	r1
 5ac:	18 95       	reti
_rx_complete_irq():
C:\Users\Ahmed\Documents\Arduino\hardware\MightyCore\avr\cores\MCUdude_corefiles/HardwareSerial_private.h:116
    }
  } else {
    // Parity error, read byte but discard it
    *_udr;
 5ae:	80 81       	ld	r24, Z
 5b0:	f4 cf       	rjmp	.-24     	; 0x59a <__vector_13+0x4c>

000005b2 <main>:
main():
C:\Users\Ahmed\Documents\Arduino\hardware\MightyCore\avr\cores\MCUdude_corefiles/wiring.c:945

void init()
{
  // this needs to be called before setup() or some functions won't
  // work there
  sei();
 5b2:	78 94       	sei
C:\Users\Ahmed\Documents\Arduino\hardware\MightyCore\avr\cores\MCUdude_corefiles/wiring.c:966
#if defined(__AVR_ATmega64__) || defined(__AVR_ATmega128__)
  // CPU specific: different values for the ATmega64/128
  TCCR0 |= _BV(WGM01) | _BV(WGM00) | _BV(CS02);
#elif defined(TCCR0) && defined(CS01) && defined(CS00)
  // This combination is for the ATmega8535, ATmega8, ATmega16, ATmega32, ATmega8515, ATmega162
  TCCR0 |= _BV(CS01) | _BV(CS00);
 5b4:	83 b7       	in	r24, 0x33	; 51
 5b6:	83 60       	ori	r24, 0x03	; 3
 5b8:	83 bf       	out	0x33, r24	; 51
C:\Users\Ahmed\Documents\Arduino\hardware\MightyCore\avr\cores\MCUdude_corefiles/wiring.c:968
  #if defined(WGM00) && defined(WGM01) // The ATmega8 doesn't have WGM00 and WGM01
    TCCR0 |= _BV(WGM01) | _BV(WGM00);
 5ba:	83 b7       	in	r24, 0x33	; 51
 5bc:	88 64       	ori	r24, 0x48	; 72
 5be:	83 bf       	out	0x33, r24	; 51
C:\Users\Ahmed\Documents\Arduino\hardware\MightyCore\avr\cores\MCUdude_corefiles/wiring.c:982
  #error Timer 0 prescale factor 64 not set correctly
#endif

// Enable timer 0 overflow interrupt
#if defined(TIMSK) && defined(TOIE0)
  TIMSK |= _BV(TOIE0);
 5c0:	89 b7       	in	r24, 0x39	; 57
 5c2:	81 60       	ori	r24, 0x01	; 1
 5c4:	89 bf       	out	0x39, r24	; 57
C:\Users\Ahmed\Documents\Arduino\hardware\MightyCore\avr\cores\MCUdude_corefiles/wiring.c:995
// this is better for motors as it ensures an even waveform
// note, however, that fast pwm mode can achieve a frequency of up
// 8 MHz (with a 16 MHz clock) at 50% duty cycle

#if defined(TCCR1B) && defined(CS11) && defined(CS10)
  TCCR1B = _BV(CS11); // Set timer 1 prescale factor to 64
 5c6:	c2 e0       	ldi	r28, 0x02	; 2
 5c8:	ce bd       	out	0x2e, r28	; 46
C:\Users\Ahmed\Documents\Arduino\hardware\MightyCore\avr\cores\MCUdude_corefiles/wiring.c:997
#if F_CPU >= 8000000L
  TCCR1B |= _BV(CS10);
 5ca:	8e b5       	in	r24, 0x2e	; 46
 5cc:	81 60       	ori	r24, 0x01	; 1
 5ce:	8e bd       	out	0x2e, r24	; 46
C:\Users\Ahmed\Documents\Arduino\hardware\MightyCore\avr\cores\MCUdude_corefiles/wiring.c:1006
#if F_CPU >= 8000000L
  TCCR1 |= _BV(CS10);
#endif
#endif
#if defined(TCCR1A) && defined(WGM10)
  TCCR1A |= _BV(WGM10); // Put timer 1 in 8-bit phase correct pwm mode
 5d0:	8f b5       	in	r24, 0x2f	; 47
 5d2:	81 60       	ori	r24, 0x01	; 1
 5d4:	8f bd       	out	0x2f, r24	; 47
C:\Users\Ahmed\Documents\Arduino\hardware\MightyCore\avr\cores\MCUdude_corefiles/wiring.c:1011
#endif

// Set timer 2 prescale factor to 64
#if defined(TCCR2) && defined(CS22)
  TCCR2 |= _BV(CS22);
 5d6:	85 b5       	in	r24, 0x25	; 37
 5d8:	84 60       	ori	r24, 0x04	; 4
 5da:	85 bd       	out	0x25, r24	; 37
C:\Users\Ahmed\Documents\Arduino\hardware\MightyCore\avr\cores\MCUdude_corefiles/wiring.c:1020
  TCCR2A |= _BV(CS22);
#endif

// Configure timer 2 for phase correct pwm (8-bit)
#if defined(TCCR2) && defined(WGM20)
  TCCR2 |= _BV(WGM20);
 5dc:	85 b5       	in	r24, 0x25	; 37
 5de:	80 64       	ori	r24, 0x40	; 64
 5e0:	85 bd       	out	0x25, r24	; 37
C:\Users\Ahmed\Documents\Arduino\hardware\MightyCore\avr\cores\MCUdude_corefiles/wiring.c:1050
#endif

#if defined(ADCSRA)
  // set a2d prescaler so we are inside the desired 50-200 KHz range.
  #if F_CPU >= 16000000 // 16 MHz / 128 = 125 KHz
    ADCSRA = _BV(ADPS2) | _BV(ADPS1) | _BV(ADPS0) | _BV(ADEN);
 5e2:	87 e8       	ldi	r24, 0x87	; 135
 5e4:	86 b9       	out	0x06, r24	; 6
C:\Users\Ahmed\Documents\Arduino\hardware\MightyCore\avr\cores\MCUdude_corefiles/wiring.c:1068

  // The bootloader connects pins 0 and 1 to the USART; disconnect them
  // here so they can be used as normal digital i/o; they will be
  // reconnected in Serial.begin()
#if defined(UCSRB)
  UCSRB = 0;
 5e6:	1a b8       	out	0x0a, r1	; 10
setup():
C:\Users\Ahmed\Desktop\LABS\01\mini_Project_CommunicationProtocols\Slave\Slave/Slave.ino:8
const int RED_LED    = PB2;
const int BUZZER     = PB3;

void setup()
{
    pinMode(GREEN_LED, OUTPUT);
 5e8:	80 e0       	ldi	r24, 0x00	; 0
 5ea:	0e 94 8f 00 	call	0x11e	; 0x11e <pinMode.constprop.6>
C:\Users\Ahmed\Desktop\LABS\01\mini_Project_CommunicationProtocols\Slave\Slave/Slave.ino:9
    pinMode(YELLOW_LED, OUTPUT);
 5ee:	81 e0       	ldi	r24, 0x01	; 1
 5f0:	0e 94 8f 00 	call	0x11e	; 0x11e <pinMode.constprop.6>
C:\Users\Ahmed\Desktop\LABS\01\mini_Project_CommunicationProtocols\Slave\Slave/Slave.ino:10
    pinMode(RED_LED, OUTPUT);
 5f4:	82 e0       	ldi	r24, 0x02	; 2
 5f6:	0e 94 8f 00 	call	0x11e	; 0x11e <pinMode.constprop.6>
C:\Users\Ahmed\Desktop\LABS\01\mini_Project_CommunicationProtocols\Slave\Slave/Slave.ino:11
    pinMode(BUZZER, OUTPUT);
 5fa:	83 e0       	ldi	r24, 0x03	; 3
 5fc:	0e 94 8f 00 	call	0x11e	; 0x11e <pinMode.constprop.6>
C:\Users\Ahmed\Desktop\LABS\01\mini_Project_CommunicationProtocols\Slave\Slave/Slave.ino:13

    digitalWrite(GREEN_LED, LOW);
 600:	60 e0       	ldi	r22, 0x00	; 0
 602:	80 e0       	ldi	r24, 0x00	; 0
 604:	0e 94 ae 00 	call	0x15c	; 0x15c <digitalWrite>
C:\Users\Ahmed\Desktop\LABS\01\mini_Project_CommunicationProtocols\Slave\Slave/Slave.ino:14
    digitalWrite(YELLOW_LED, LOW);
 608:	60 e0       	ldi	r22, 0x00	; 0
 60a:	81 e0       	ldi	r24, 0x01	; 1
 60c:	0e 94 ae 00 	call	0x15c	; 0x15c <digitalWrite>
C:\Users\Ahmed\Desktop\LABS\01\mini_Project_CommunicationProtocols\Slave\Slave/Slave.ino:15
    digitalWrite(RED_LED, LOW);
 610:	60 e0       	ldi	r22, 0x00	; 0
 612:	82 e0       	ldi	r24, 0x02	; 2
 614:	0e 94 ae 00 	call	0x15c	; 0x15c <digitalWrite>
C:\Users\Ahmed\Desktop\LABS\01\mini_Project_CommunicationProtocols\Slave\Slave/Slave.ino:16
    digitalWrite(BUZZER, LOW);
 618:	60 e0       	ldi	r22, 0x00	; 0
 61a:	83 e0       	ldi	r24, 0x03	; 3
 61c:	0e 94 ae 00 	call	0x15c	; 0x15c <digitalWrite>
begin():
C:\Users\Ahmed\Documents\Arduino\hardware\MightyCore\avr\cores\MCUdude_corefiles/HardwareSerial.cpp:121

void HardwareSerial::begin(unsigned long baud, byte config)
{
  // Try u2x mode first
  uint16_t baud_setting = (F_CPU / 4 / baud - 1) / 2;
  *_ucsra = 1 << U2X0;
 620:	e0 91 8b 00 	lds	r30, 0x008B	; 0x80008b <Serial+0x10>
 624:	f0 91 8c 00 	lds	r31, 0x008C	; 0x80008c <Serial+0x11>
 628:	c0 83       	st	Z, r28
C:\Users\Ahmed\Documents\Arduino\hardware\MightyCore\avr\cores\MCUdude_corefiles/HardwareSerial.cpp:135
    *_ucsra = 0;
    baud_setting = (F_CPU / 8 / baud - 1) / 2;
  }

  // assign the baud_setting, a.k.a. ubrr (USART Baud Rate Register)
  *_ubrrh = baud_setting >> 8;
 62a:	e0 91 87 00 	lds	r30, 0x0087	; 0x800087 <Serial+0xc>
 62e:	f0 91 88 00 	lds	r31, 0x0088	; 0x800088 <Serial+0xd>
 632:	10 82       	st	Z, r1
C:\Users\Ahmed\Documents\Arduino\hardware\MightyCore\avr\cores\MCUdude_corefiles/HardwareSerial.cpp:136
  *_ubrrl = baud_setting;
 634:	e0 91 89 00 	lds	r30, 0x0089	; 0x800089 <Serial+0xe>
 638:	f0 91 8a 00 	lds	r31, 0x008A	; 0x80008a <Serial+0xf>
 63c:	8f ec       	ldi	r24, 0xCF	; 207
 63e:	80 83       	st	Z, r24
C:\Users\Ahmed\Documents\Arduino\hardware\MightyCore\avr\cores\MCUdude_corefiles/HardwareSerial.cpp:138

  _written = false;
 640:	10 92 93 00 	sts	0x0093, r1	; 0x800093 <Serial+0x18>
C:\Users\Ahmed\Documents\Arduino\hardware\MightyCore\avr\cores\MCUdude_corefiles/HardwareSerial.cpp:146
#if defined(__AVR_ATmega8__) || defined(__AVR_ATmega8515__) || defined(__AVR_ATmega162__) \
|| defined(__AVR_ATmega8535__) || defined(__AVR_ATmega16__)|| defined(__AVR_ATmega32__)   \
|| defined(__AVR_ATmega162__)
  config |= 0x80; // select UCSRC register (shared with UBRRH)
#endif
  *_ucsrc = config;
 644:	e0 91 8f 00 	lds	r30, 0x008F	; 0x80008f <Serial+0x14>
 648:	f0 91 90 00 	lds	r31, 0x0090	; 0x800090 <Serial+0x15>
 64c:	86 e8       	ldi	r24, 0x86	; 134
 64e:	80 83       	st	Z, r24
C:\Users\Ahmed\Documents\Arduino\hardware\MightyCore\avr\cores\MCUdude_corefiles/HardwareSerial.cpp:148
  
  *_ucsrb |= _BV(RXEN0) | _BV(TXEN0) | _BV(RXCIE0);
 650:	e0 91 8d 00 	lds	r30, 0x008D	; 0x80008d <Serial+0x12>
 654:	f0 91 8e 00 	lds	r31, 0x008E	; 0x80008e <Serial+0x13>
 658:	80 81       	ld	r24, Z
 65a:	88 69       	ori	r24, 0x98	; 152
 65c:	80 83       	st	Z, r24
C:\Users\Ahmed\Documents\Arduino\hardware\MightyCore\avr\cores\MCUdude_corefiles/HardwareSerial.cpp:149
  *_ucsrb &= ~_BV(UDRIE0);
 65e:	e0 91 8d 00 	lds	r30, 0x008D	; 0x80008d <Serial+0x12>
 662:	f0 91 8e 00 	lds	r31, 0x008E	; 0x80008e <Serial+0x13>
 666:	80 81       	ld	r24, Z
 668:	8f 7d       	andi	r24, 0xDF	; 223
 66a:	80 83       	st	Z, r24
serialEventRun():
C:\Users\Ahmed\Documents\Arduino\hardware\MightyCore\avr\cores\MCUdude_corefiles/HardwareSerial.cpp:67
#endif

void serialEventRun(void)
{
#if defined(HAVE_HWSERIAL0)
  if (Serial0_available && serialEvent && Serial0_available()) serialEvent();
 66c:	c0 e0       	ldi	r28, 0x00	; 0
 66e:	d0 e0       	ldi	r29, 0x00	; 0
loop():
C:\Users\Ahmed\Desktop\LABS\01\mini_Project_CommunicationProtocols\Slave\Slave/Slave.ino:23
    Serial.begin(9600);
}

void loop()
{
    if (Serial.available() > 0)
 670:	8b e7       	ldi	r24, 0x7B	; 123
 672:	90 e0       	ldi	r25, 0x00	; 0
 674:	0e 94 8a 01 	call	0x314	; 0x314 <HardwareSerial::available()>
 678:	18 16       	cp	r1, r24
 67a:	19 06       	cpc	r1, r25
 67c:	0c f0       	brlt	.+2      	; 0x680 <main+0xce>
 67e:	5d c0       	rjmp	.+186    	; 0x73a <main+0x188>
peekNextDigit():
C:\Users\Ahmed\Documents\Arduino\hardware\MightyCore\avr\cores\MCUdude_corefiles/Stream.cpp:60
// discards non-numeric characters
int Stream::peekNextDigit(LookaheadMode lookahead, bool detectDecimal)
{
  int c;
  while (1) {
    c = timedPeek();
 680:	0e 94 4a 01 	call	0x294	; 0x294 <Stream::timedPeek() [clone .constprop.5]>
 684:	fc 01       	movw	r30, r24
C:\Users\Ahmed\Documents\Arduino\hardware\MightyCore\avr\cores\MCUdude_corefiles/Stream.cpp:62

    if( c < 0 ||
 686:	97 fd       	sbrc	r25, 7
 688:	6a c0       	rjmp	.+212    	; 0x75e <main+0x1ac>
 68a:	8d 32       	cpi	r24, 0x2D	; 45
 68c:	91 05       	cpc	r25, r1
 68e:	21 f0       	breq	.+8      	; 0x698 <main+0xe6>
C:\Users\Ahmed\Documents\Arduino\hardware\MightyCore\avr\cores\MCUdude_corefiles/Stream.cpp:64
        c == '-' ||
        (c >= '0' && c <= '9') ||
 690:	c0 97       	sbiw	r24, 0x30	; 48
C:\Users\Ahmed\Documents\Arduino\hardware\MightyCore\avr\cores\MCUdude_corefiles/Stream.cpp:63
  int c;
  while (1) {
    c = timedPeek();

    if( c < 0 ||
        c == '-' ||
 692:	0a 97       	sbiw	r24, 0x0a	; 10
 694:	08 f0       	brcs	.+2      	; 0x698 <main+0xe6>
 696:	5c c0       	rjmp	.+184    	; 0x750 <main+0x19e>
main():
C:\Users\Ahmed\Documents\Arduino\hardware\MightyCore\avr\cores\MCUdude_corefiles/main.cpp:34

//void setupUSB() __attribute__((weak));
//void setupUSB() { }

int main(void)
{
 698:	c1 2c       	mov	r12, r1
 69a:	d1 2c       	mov	r13, r1
 69c:	76 01       	movw	r14, r12
 69e:	10 e0       	ldi	r17, 0x00	; 0
parseInt():
C:\Users\Ahmed\Documents\Arduino\hardware\MightyCore\avr\cores\MCUdude_corefiles/Stream.cpp:142
  // ignore non numeric leading characters
  if(c < 0)
    return 0; // zero returned if timeout

  do{
    if(c == ignore)
 6a0:	e1 30       	cpi	r30, 0x01	; 1
 6a2:	f1 05       	cpc	r31, r1
 6a4:	d9 f0       	breq	.+54     	; 0x6dc <main+0x12a>
C:\Users\Ahmed\Documents\Arduino\hardware\MightyCore\avr\cores\MCUdude_corefiles/Stream.cpp:144
      ; // ignore this character
    else if(c == '-')
 6a6:	ed 32       	cpi	r30, 0x2D	; 45
 6a8:	f1 05       	cpc	r31, r1
 6aa:	09 f4       	brne	.+2      	; 0x6ae <main+0xfc>
 6ac:	56 c0       	rjmp	.+172    	; 0x75a <main+0x1a8>
C:\Users\Ahmed\Documents\Arduino\hardware\MightyCore\avr\cores\MCUdude_corefiles/Stream.cpp:146
      isNegative = true;
    else if(c >= '0' && c <= '9')        // is c a digit?
 6ae:	cf 01       	movw	r24, r30
 6b0:	c0 97       	sbiw	r24, 0x30	; 48
 6b2:	0a 97       	sbiw	r24, 0x0a	; 10
 6b4:	98 f4       	brcc	.+38     	; 0x6dc <main+0x12a>
C:\Users\Ahmed\Documents\Arduino\hardware\MightyCore\avr\cores\MCUdude_corefiles/Stream.cpp:147
      value = value * 10 + c - '0';
 6b6:	aa e0       	ldi	r26, 0x0A	; 10
 6b8:	b0 e0       	ldi	r27, 0x00	; 0
 6ba:	a7 01       	movw	r20, r14
 6bc:	96 01       	movw	r18, r12
 6be:	0e 94 ea 03 	call	0x7d4	; 0x7d4 <__muluhisi3>
 6c2:	6f 01       	movw	r12, r30
 6c4:	ff 0f       	add	r31, r31
 6c6:	ee 08       	sbc	r14, r14
 6c8:	ff 08       	sbc	r15, r15
 6ca:	c6 0e       	add	r12, r22
 6cc:	d7 1e       	adc	r13, r23
 6ce:	e8 1e       	adc	r14, r24
 6d0:	f9 1e       	adc	r15, r25
 6d2:	80 e3       	ldi	r24, 0x30	; 48
 6d4:	c8 1a       	sub	r12, r24
 6d6:	d1 08       	sbc	r13, r1
 6d8:	e1 08       	sbc	r14, r1
 6da:	f1 08       	sbc	r15, r1
C:\Users\Ahmed\Documents\Arduino\hardware\MightyCore\avr\cores\MCUdude_corefiles/Stream.cpp:148
    read();  // consume the character we got with peek
 6dc:	8b e7       	ldi	r24, 0x7B	; 123
 6de:	90 e0       	ldi	r25, 0x00	; 0
 6e0:	0e 94 28 01 	call	0x250	; 0x250 <HardwareSerial::read()>
C:\Users\Ahmed\Documents\Arduino\hardware\MightyCore\avr\cores\MCUdude_corefiles/Stream.cpp:149
    c = timedPeek();
 6e4:	0e 94 4a 01 	call	0x294	; 0x294 <Stream::timedPeek() [clone .constprop.5]>
 6e8:	fc 01       	movw	r30, r24
C:\Users\Ahmed\Documents\Arduino\hardware\MightyCore\avr\cores\MCUdude_corefiles/Stream.cpp:151
  }
  while( (c >= '0' && c <= '9') || c == ignore );
 6ea:	c0 97       	sbiw	r24, 0x30	; 48
 6ec:	0a 97       	sbiw	r24, 0x0a	; 10
 6ee:	c0 f2       	brcs	.-80     	; 0x6a0 <main+0xee>
 6f0:	e1 30       	cpi	r30, 0x01	; 1
 6f2:	f1 05       	cpc	r31, r1
 6f4:	a9 f2       	breq	.-86     	; 0x6a0 <main+0xee>
C:\Users\Ahmed\Documents\Arduino\hardware\MightyCore\avr\cores\MCUdude_corefiles/Stream.cpp:153

  if(isNegative)
 6f6:	11 23       	and	r17, r17
 6f8:	41 f0       	breq	.+16     	; 0x70a <main+0x158>
C:\Users\Ahmed\Documents\Arduino\hardware\MightyCore\avr\cores\MCUdude_corefiles/Stream.cpp:154
    value = -value;
 6fa:	f0 94       	com	r15
 6fc:	e0 94       	com	r14
 6fe:	d0 94       	com	r13
 700:	c0 94       	com	r12
 702:	c1 1c       	adc	r12, r1
 704:	d1 1c       	adc	r13, r1
 706:	e1 1c       	adc	r14, r1
 708:	f1 1c       	adc	r15, r1
loop():
C:\Users\Ahmed\Desktop\LABS\01\mini_Project_CommunicationProtocols\Slave\Slave/Slave.ino:28
    {
        int value = Serial.parseInt();

        // Turn everything OFF
        digitalWrite(GREEN_LED, LOW);
 70a:	60 e0       	ldi	r22, 0x00	; 0
 70c:	80 e0       	ldi	r24, 0x00	; 0
 70e:	0e 94 ae 00 	call	0x15c	; 0x15c <digitalWrite>
C:\Users\Ahmed\Desktop\LABS\01\mini_Project_CommunicationProtocols\Slave\Slave/Slave.ino:29
        digitalWrite(YELLOW_LED, LOW);
 712:	60 e0       	ldi	r22, 0x00	; 0
 714:	81 e0       	ldi	r24, 0x01	; 1
 716:	0e 94 ae 00 	call	0x15c	; 0x15c <digitalWrite>
C:\Users\Ahmed\Desktop\LABS\01\mini_Project_CommunicationProtocols\Slave\Slave/Slave.ino:30
        digitalWrite(RED_LED, LOW);
 71a:	60 e0       	ldi	r22, 0x00	; 0
 71c:	82 e0       	ldi	r24, 0x02	; 2
 71e:	0e 94 ae 00 	call	0x15c	; 0x15c <digitalWrite>
C:\Users\Ahmed\Desktop\LABS\01\mini_Project_CommunicationProtocols\Slave\Slave/Slave.ino:31
        digitalWrite(BUZZER, LOW);
 722:	60 e0       	ldi	r22, 0x00	; 0
 724:	83 e0       	ldi	r24, 0x03	; 3
 726:	0e 94 ae 00 	call	0x15c	; 0x15c <digitalWrite>
C:\Users\Ahmed\Desktop\LABS\01\mini_Project_CommunicationProtocols\Slave\Slave/Slave.ino:36

        if (value < 40)
        {
            // Normal
            digitalWrite(GREEN_LED, HIGH);
 72a:	61 e0       	ldi	r22, 0x01	; 1
C:\Users\Ahmed\Desktop\LABS\01\mini_Project_CommunicationProtocols\Slave\Slave/Slave.ino:33
        digitalWrite(GREEN_LED, LOW);
        digitalWrite(YELLOW_LED, LOW);
        digitalWrite(RED_LED, LOW);
        digitalWrite(BUZZER, LOW);

        if (value < 40)
 72c:	88 e2       	ldi	r24, 0x28	; 40
 72e:	c8 16       	cp	r12, r24
 730:	d1 04       	cpc	r13, r1
 732:	cc f4       	brge	.+50     	; 0x766 <main+0x1b4>
C:\Users\Ahmed\Desktop\LABS\01\mini_Project_CommunicationProtocols\Slave\Slave/Slave.ino:36
        {
            // Normal
            digitalWrite(GREEN_LED, HIGH);
 734:	80 e0       	ldi	r24, 0x00	; 0
C:\Users\Ahmed\Desktop\LABS\01\mini_Project_CommunicationProtocols\Slave\Slave/Slave.ino:47
        }
        else
        {
            // High / Alarm
            digitalWrite(RED_LED, HIGH);
            digitalWrite(BUZZER, HIGH);
 736:	0e 94 ae 00 	call	0x15c	; 0x15c <digitalWrite>
serialEventRun():
C:\Users\Ahmed\Documents\Arduino\hardware\MightyCore\avr\cores\MCUdude_corefiles/HardwareSerial.cpp:67
 73a:	20 97       	sbiw	r28, 0x00	; 0
 73c:	09 f4       	brne	.+2      	; 0x740 <main+0x18e>
 73e:	98 cf       	rjmp	.-208    	; 0x670 <main+0xbe>
 740:	0e 94 96 01 	call	0x32c	; 0x32c <Serial0_available()>
 744:	88 23       	and	r24, r24
 746:	09 f4       	brne	.+2      	; 0x74a <main+0x198>
 748:	93 cf       	rjmp	.-218    	; 0x670 <main+0xbe>
 74a:	0e 94 00 00 	call	0	; 0x0 <__vectors>
 74e:	90 cf       	rjmp	.-224    	; 0x670 <main+0xbe>
peekNextDigit():
C:\Users\Ahmed\Documents\Arduino\hardware\MightyCore\avr\cores\MCUdude_corefiles/Stream.cpp:80
                default: return -1; // Fail code.
            }
        case SKIP_ALL:
            break;
    }
    read();  // discard non-numeric
 750:	8b e7       	ldi	r24, 0x7B	; 123
 752:	90 e0       	ldi	r25, 0x00	; 0
 754:	0e 94 28 01 	call	0x250	; 0x250 <HardwareSerial::read()>
 758:	93 cf       	rjmp	.-218    	; 0x680 <main+0xce>
main():
C:\Users\Ahmed\Documents\Arduino\hardware\MightyCore\avr\cores\MCUdude_corefiles/Stream.cpp:145

  do{
    if(c == ignore)
      ; // ignore this character
    else if(c == '-')
      isNegative = true;
 75a:	11 e0       	ldi	r17, 0x01	; 1
 75c:	bf cf       	rjmp	.-130    	; 0x6dc <main+0x12a>
C:\Users\Ahmed\Documents\Arduino\hardware\MightyCore\avr\cores\MCUdude_corefiles/Stream.cpp:139
  int c;

  c = peekNextDigit(lookahead, false);
  // ignore non numeric leading characters
  if(c < 0)
    return 0; // zero returned if timeout
 75e:	c1 2c       	mov	r12, r1
 760:	d1 2c       	mov	r13, r1
 762:	76 01       	movw	r14, r12
 764:	d2 cf       	rjmp	.-92     	; 0x70a <main+0x158>
loop():
C:\Users\Ahmed\Desktop\LABS\01\mini_Project_CommunicationProtocols\Slave\Slave/Slave.ino:38
        if (value < 40)
        {
            // Normal
            digitalWrite(GREEN_LED, HIGH);
        }
        else if (value < 70)
 766:	86 e4       	ldi	r24, 0x46	; 70
 768:	c8 16       	cp	r12, r24
 76a:	d1 04       	cpc	r13, r1
 76c:	14 f4       	brge	.+4      	; 0x772 <main+0x1c0>
C:\Users\Ahmed\Desktop\LABS\01\mini_Project_CommunicationProtocols\Slave\Slave/Slave.ino:41
        {
            // Medium
            digitalWrite(YELLOW_LED, HIGH);
 76e:	81 e0       	ldi	r24, 0x01	; 1
 770:	e2 cf       	rjmp	.-60     	; 0x736 <main+0x184>
C:\Users\Ahmed\Desktop\LABS\01\mini_Project_CommunicationProtocols\Slave\Slave/Slave.ino:46
        }
        else
        {
            // High / Alarm
            digitalWrite(RED_LED, HIGH);
 772:	82 e0       	ldi	r24, 0x02	; 2
 774:	0e 94 ae 00 	call	0x15c	; 0x15c <digitalWrite>
C:\Users\Ahmed\Desktop\LABS\01\mini_Project_CommunicationProtocols\Slave\Slave/Slave.ino:47
            digitalWrite(BUZZER, HIGH);
 778:	61 e0       	ldi	r22, 0x01	; 1
 77a:	83 e0       	ldi	r24, 0x03	; 3
 77c:	dc cf       	rjmp	.-72     	; 0x736 <main+0x184>

0000077e <_GLOBAL__sub_I___vector_13>:
_ZN5PrintC2Ev():
C:\Users\Ahmed\Documents\Arduino\hardware\MightyCore\avr\cores\MCUdude_corefiles/Print.h:46
    size_t printNumber(unsigned long, uint8_t);
    size_t printFloat(double, uint8_t);
  protected:
    void setWriteError(int err = 1) { write_error = err; }
  public:
    Print() : write_error(0) {}
 77e:	eb e7       	ldi	r30, 0x7B	; 123
 780:	f0 e0       	ldi	r31, 0x00	; 0
 782:	13 82       	std	Z+3, r1	; 0x03
 784:	12 82       	std	Z+2, r1	; 0x02
_ZN6StreamC2Ev():
C:\Users\Ahmed\Documents\Arduino\hardware\MightyCore\avr\cores\MCUdude_corefiles/Stream.h:63
  public:
    virtual int available() = 0;
    virtual int read() = 0;
    virtual int peek() = 0;

    Stream() {_timeout=1000;}
 786:	88 ee       	ldi	r24, 0xE8	; 232
 788:	93 e0       	ldi	r25, 0x03	; 3
 78a:	a0 e0       	ldi	r26, 0x00	; 0
 78c:	b0 e0       	ldi	r27, 0x00	; 0
 78e:	84 83       	std	Z+4, r24	; 0x04
 790:	95 83       	std	Z+5, r25	; 0x05
 792:	a6 83       	std	Z+6, r26	; 0x06
 794:	b7 83       	std	Z+7, r27	; 0x07
_ZN14HardwareSerialC2EPVhS1_S1_S1_S1_S1_():
C:\Users\Ahmed\Documents\Arduino\hardware\MightyCore\avr\cores\MCUdude_corefiles/HardwareSerial_private.h:92
  volatile uint8_t *ucsrc, volatile uint8_t *udr) :
    _ubrrh(ubrrh), _ubrrl(ubrrl),
    _ucsra(ucsra), _ucsrb(ucsrb), _ucsrc(ucsrc),
    _udr(udr),
    _rx_buffer_head(0), _rx_buffer_tail(0),
    _tx_buffer_head(0), _tx_buffer_tail(0)
 796:	84 e6       	ldi	r24, 0x64	; 100
 798:	90 e0       	ldi	r25, 0x00	; 0
 79a:	91 83       	std	Z+1, r25	; 0x01
 79c:	80 83       	st	Z, r24
 79e:	80 e4       	ldi	r24, 0x40	; 64
 7a0:	90 e0       	ldi	r25, 0x00	; 0
 7a2:	95 87       	std	Z+13, r25	; 0x0d
 7a4:	84 87       	std	Z+12, r24	; 0x0c
 7a6:	29 e2       	ldi	r18, 0x29	; 41
 7a8:	30 e0       	ldi	r19, 0x00	; 0
 7aa:	37 87       	std	Z+15, r19	; 0x0f
 7ac:	26 87       	std	Z+14, r18	; 0x0e
 7ae:	2b e2       	ldi	r18, 0x2B	; 43
 7b0:	30 e0       	ldi	r19, 0x00	; 0
 7b2:	31 8b       	std	Z+17, r19	; 0x11
 7b4:	20 8b       	std	Z+16, r18	; 0x10
 7b6:	2a e2       	ldi	r18, 0x2A	; 42
 7b8:	30 e0       	ldi	r19, 0x00	; 0
 7ba:	33 8b       	std	Z+19, r19	; 0x13
 7bc:	22 8b       	std	Z+18, r18	; 0x12
 7be:	95 8b       	std	Z+21, r25	; 0x15
 7c0:	84 8b       	std	Z+20, r24	; 0x14
 7c2:	8c e2       	ldi	r24, 0x2C	; 44
 7c4:	90 e0       	ldi	r25, 0x00	; 0
 7c6:	97 8b       	std	Z+23, r25	; 0x17
 7c8:	86 8b       	std	Z+22, r24	; 0x16
 7ca:	11 8e       	std	Z+25, r1	; 0x19
 7cc:	12 8e       	std	Z+26, r1	; 0x1a
 7ce:	13 8e       	std	Z+27, r1	; 0x1b
 7d0:	14 8e       	std	Z+28, r1	; 0x1c
_GLOBAL__sub_I___vector_13():
C:\Users\Ahmed\Documents\Arduino\hardware\MightyCore\avr\cores\MCUdude_corefiles/HardwareSerial0.cpp:77

// Function that can be weakly referenced by serialEventRun to prevent
// pulling in this file if it's not otherwise used.
bool Serial0_available() {
  return Serial.available();
}
 7d2:	08 95       	ret

000007d4 <__muluhisi3>:
__muluhisi3():
/home/jenkins-mingw32/workspace/avr-gcc-staging/label/Ubuntu14.04x64-mingw32/gcc-build/avr/avr5/libgcc/../../../../gcc/libgcc/config/avr/lib1funcs.S:626
 7d4:	0e 94 f5 03 	call	0x7ea	; 0x7ea <__umulhisi3>
/home/jenkins-mingw32/workspace/avr-gcc-staging/label/Ubuntu14.04x64-mingw32/gcc-build/avr/avr5/libgcc/../../../../gcc/libgcc/config/avr/lib1funcs.S:627
 7d8:	a5 9f       	mul	r26, r21
/home/jenkins-mingw32/workspace/avr-gcc-staging/label/Ubuntu14.04x64-mingw32/gcc-build/avr/avr5/libgcc/../../../../gcc/libgcc/config/avr/lib1funcs.S:628
 7da:	90 0d       	add	r25, r0
/home/jenkins-mingw32/workspace/avr-gcc-staging/label/Ubuntu14.04x64-mingw32/gcc-build/avr/avr5/libgcc/../../../../gcc/libgcc/config/avr/lib1funcs.S:629
 7dc:	b4 9f       	mul	r27, r20
/home/jenkins-mingw32/workspace/avr-gcc-staging/label/Ubuntu14.04x64-mingw32/gcc-build/avr/avr5/libgcc/../../../../gcc/libgcc/config/avr/lib1funcs.S:630
 7de:	90 0d       	add	r25, r0
/home/jenkins-mingw32/workspace/avr-gcc-staging/label/Ubuntu14.04x64-mingw32/gcc-build/avr/avr5/libgcc/../../../../gcc/libgcc/config/avr/lib1funcs.S:631
 7e0:	a4 9f       	mul	r26, r20
/home/jenkins-mingw32/workspace/avr-gcc-staging/label/Ubuntu14.04x64-mingw32/gcc-build/avr/avr5/libgcc/../../../../gcc/libgcc/config/avr/lib1funcs.S:632
 7e2:	80 0d       	add	r24, r0
/home/jenkins-mingw32/workspace/avr-gcc-staging/label/Ubuntu14.04x64-mingw32/gcc-build/avr/avr5/libgcc/../../../../gcc/libgcc/config/avr/lib1funcs.S:633
 7e4:	91 1d       	adc	r25, r1
/home/jenkins-mingw32/workspace/avr-gcc-staging/label/Ubuntu14.04x64-mingw32/gcc-build/avr/avr5/libgcc/../../../../gcc/libgcc/config/avr/lib1funcs.S:634
 7e6:	11 24       	eor	r1, r1
/home/jenkins-mingw32/workspace/avr-gcc-staging/label/Ubuntu14.04x64-mingw32/gcc-build/avr/avr5/libgcc/../../../../gcc/libgcc/config/avr/lib1funcs.S:635
 7e8:	08 95       	ret

000007ea <__umulhisi3>:
__umulhisi3():
/home/jenkins-mingw32/workspace/avr-gcc-staging/label/Ubuntu14.04x64-mingw32/gcc-build/avr/avr5/libgcc/../../../../gcc/libgcc/config/avr/lib1funcs.S:564
 7ea:	a2 9f       	mul	r26, r18
/home/jenkins-mingw32/workspace/avr-gcc-staging/label/Ubuntu14.04x64-mingw32/gcc-build/avr/avr5/libgcc/../../../../gcc/libgcc/config/avr/lib1funcs.S:565
 7ec:	b0 01       	movw	r22, r0
/home/jenkins-mingw32/workspace/avr-gcc-staging/label/Ubuntu14.04x64-mingw32/gcc-build/avr/avr5/libgcc/../../../../gcc/libgcc/config/avr/lib1funcs.S:566
 7ee:	b3 9f       	mul	r27, r19
/home/jenkins-mingw32/workspace/avr-gcc-staging/label/Ubuntu14.04x64-mingw32/gcc-build/avr/avr5/libgcc/../../../../gcc/libgcc/config/avr/lib1funcs.S:567
 7f0:	c0 01       	movw	r24, r0
/home/jenkins-mingw32/workspace/avr-gcc-staging/label/Ubuntu14.04x64-mingw32/gcc-build/avr/avr5/libgcc/../../../../gcc/libgcc/config/avr/lib1funcs.S:568
 7f2:	a3 9f       	mul	r26, r19
/home/jenkins-mingw32/workspace/avr-gcc-staging/label/Ubuntu14.04x64-mingw32/gcc-build/avr/avr5/libgcc/../../../../gcc/libgcc/config/avr/lib1funcs.S:573
 7f4:	70 0d       	add	r23, r0
/home/jenkins-mingw32/workspace/avr-gcc-staging/label/Ubuntu14.04x64-mingw32/gcc-build/avr/avr5/libgcc/../../../../gcc/libgcc/config/avr/lib1funcs.S:574
 7f6:	81 1d       	adc	r24, r1
/home/jenkins-mingw32/workspace/avr-gcc-staging/label/Ubuntu14.04x64-mingw32/gcc-build/avr/avr5/libgcc/../../../../gcc/libgcc/config/avr/lib1funcs.S:575
 7f8:	11 24       	eor	r1, r1
/home/jenkins-mingw32/workspace/avr-gcc-staging/label/Ubuntu14.04x64-mingw32/gcc-build/avr/avr5/libgcc/../../../../gcc/libgcc/config/avr/lib1funcs.S:576
 7fa:	91 1d       	adc	r25, r1
/home/jenkins-mingw32/workspace/avr-gcc-staging/label/Ubuntu14.04x64-mingw32/gcc-build/avr/avr5/libgcc/../../../../gcc/libgcc/config/avr/lib1funcs.S:580
 7fc:	b2 9f       	mul	r27, r18
/home/jenkins-mingw32/workspace/avr-gcc-staging/label/Ubuntu14.04x64-mingw32/gcc-build/avr/avr5/libgcc/../../../../gcc/libgcc/config/avr/lib1funcs.S:581
 7fe:	70 0d       	add	r23, r0
/home/jenkins-mingw32/workspace/avr-gcc-staging/label/Ubuntu14.04x64-mingw32/gcc-build/avr/avr5/libgcc/../../../../gcc/libgcc/config/avr/lib1funcs.S:582
 800:	81 1d       	adc	r24, r1
/home/jenkins-mingw32/workspace/avr-gcc-staging/label/Ubuntu14.04x64-mingw32/gcc-build/avr/avr5/libgcc/../../../../gcc/libgcc/config/avr/lib1funcs.S:583
 802:	11 24       	eor	r1, r1
/home/jenkins-mingw32/workspace/avr-gcc-staging/label/Ubuntu14.04x64-mingw32/gcc-build/avr/avr5/libgcc/../../../../gcc/libgcc/config/avr/lib1funcs.S:584
 804:	91 1d       	adc	r25, r1
/home/jenkins-mingw32/workspace/avr-gcc-staging/label/Ubuntu14.04x64-mingw32/gcc-build/avr/avr5/libgcc/../../../../gcc/libgcc/config/avr/lib1funcs.S:585
 806:	08 95       	ret

00000808 <__tablejump2__>:
__tablejump2__():
/home/jenkins-mingw32/workspace/avr-gcc-staging/label/Ubuntu14.04x64-mingw32/gcc-build/avr/avr5/libgcc/../../../../gcc/libgcc/config/avr/lib1funcs.S:2296
 808:	ee 0f       	add	r30, r30
/home/jenkins-mingw32/workspace/avr-gcc-staging/label/Ubuntu14.04x64-mingw32/gcc-build/avr/avr5/libgcc/../../../../gcc/libgcc/config/avr/lib1funcs.S:2297
 80a:	ff 1f       	adc	r31, r31
/home/jenkins-mingw32/workspace/avr-gcc-staging/label/Ubuntu14.04x64-mingw32/gcc-build/avr/avr5/libgcc/../../../../gcc/libgcc/config/avr/lib1funcs.S:2328
 80c:	05 90       	lpm	r0, Z+
/home/jenkins-mingw32/workspace/avr-gcc-staging/label/Ubuntu14.04x64-mingw32/gcc-build/avr/avr5/libgcc/../../../../gcc/libgcc/config/avr/lib1funcs.S:2329
 80e:	f4 91       	lpm	r31, Z
/home/jenkins-mingw32/workspace/avr-gcc-staging/label/Ubuntu14.04x64-mingw32/gcc-build/avr/avr5/libgcc/../../../../gcc/libgcc/config/avr/lib1funcs.S:2330
 810:	e0 2d       	mov	r30, r0
/home/jenkins-mingw32/workspace/avr-gcc-staging/label/Ubuntu14.04x64-mingw32/gcc-build/avr/avr5/libgcc/../../../../gcc/libgcc/config/avr/lib1funcs.S:2331
 812:	09 94       	ijmp

00000814 <_exit>:
exit():
/home/jenkins-mingw32/workspace/avr-gcc-staging/label/Ubuntu14.04x64-mingw32/gcc-build/avr/avr5/libgcc/../../../../gcc/libgcc/config/avr/lib1funcs.S:2278
 814:	f8 94       	cli

00000816 <__stop_program>:
__stop_program():
/home/jenkins-mingw32/workspace/avr-gcc-staging/label/Ubuntu14.04x64-mingw32/gcc-build/avr/avr5/libgcc/../../../../gcc/libgcc/config/avr/lib1funcs.S:2280
 816:	ff cf       	rjmp	.-2      	; 0x816 <__stop_program>
